ARM Linker, 5.03 [Build 76] [MDK-ARM Lite]

==============================================================================

Section Cross References

    system_stm32f0xx.o(.text) refers to aeabi_sdiv.o(.text) for __aeabi_uidivmod
    system_stm32f0xx.o(.text) refers to system_stm32f0xx.o(.data) for SystemCoreClock
    startup_stm32f0xx.o(STACK) refers (Special) to heapauxi.o(.text) for __use_two_region_memory
    startup_stm32f0xx.o(HEAP) refers (Special) to heapauxi.o(.text) for __use_two_region_memory
    startup_stm32f0xx.o(RESET) refers (Special) to heapauxi.o(.text) for __use_two_region_memory
    startup_stm32f0xx.o(RESET) refers to startup_stm32f0xx.o(STACK) for __initial_sp
    startup_stm32f0xx.o(RESET) refers to startup_stm32f0xx.o(.text) for Reset_Handler
    startup_stm32f0xx.o(RESET) refers to stm32f0xx_it.o(.text) for NMI_Handler
    startup_stm32f0xx.o(RESET) refers to main.o(.text) for DMA1_Channel1_IRQHandler
    startup_stm32f0xx.o(.text) refers (Special) to heapauxi.o(.text) for __use_two_region_memory
    startup_stm32f0xx.o(.text) refers to startup_stm32f0xx.o(STACK) for __initial_sp
    startup_stm32f0xx.o(.text) refers to system_stm32f0xx.o(.text) for SystemInit
    startup_stm32f0xx.o(.text) refers to __main.o(!!!main) for __main
    startup_stm32f0xx.o(.text) refers to startup_stm32f0xx.o(HEAP) for Heap_Mem
    main.o(.text) refers to adc_control.o(.text) for ADC_Common_config
    main.o(.text) refers to dma_control.o(.text) for DMA_ADC_config
    main.o(.text) refers to pwm_control.o(.text) for Timer1_PWM_Pin_Config
    main.o(.text) refers to i_o_control.o(.text) for I_O_function_config
    main.o(.text) refers to stm32f0xx_tim.o(.text) for TIM_SetCompare4
    main.o(.text) refers to communication.o(.text) for UART1_Init
    main.o(.text) refers to stm32f0xx_gpio.o(.text) for GPIO_WriteBit
    main.o(.text) refers to contronller.o(.text) for vector_rotate
    main.o(.text) refers to stm32f0xx_dma.o(.text) for DMA_ClearITPendingBit
    main.o(.text) refers to main.o(.bss) for ADC_Data
    main.o(.text) refers to main.o(.data) for TIM1_Period
    pwm_control.o(.text) refers to stm32f0xx_rcc.o(.text) for RCC_APB2PeriphClockCmd
    pwm_control.o(.text) refers to aeabi_sdiv.o(.text) for __aeabi_uidivmod
    pwm_control.o(.text) refers to stm32f0xx_tim.o(.text) for TIM_TimeBaseInit
    pwm_control.o(.text) refers to stm32f0xx_gpio.o(.text) for GPIO_Init
    pwm_control.o(.text) refers to stm32f0xx_misc.o(.text) for NVIC_Init
    pwm_control.o(.text) refers to main.o(.data) for Frequency
    pwm_control.o(.text) refers to system_stm32f0xx.o(.data) for SystemCoreClock
    adc_control.o(.text) refers to stm32f0xx_rcc.o(.text) for RCC_AHBPeriphClockCmd
    adc_control.o(.text) refers to stm32f0xx_gpio.o(.text) for GPIO_Init
    adc_control.o(.text) refers to stm32f0xx_adc.o(.text) for ADC_DeInit
    adc_control.o(.text) refers to adc_control.o(i.__ARM_common_switch8) for __ARM_common_switch8
    dma_control.o(.text) refers to stm32f0xx_rcc.o(.text) for RCC_AHBPeriphClockCmd
    dma_control.o(.text) refers to stm32f0xx_dma.o(.text) for DMA_DeInit
    dma_control.o(.text) refers to stm32f0xx_misc.o(.text) for NVIC_Init
    dma_control.o(.text) refers to stm32f0xx_usart.o(.text) for USART_DMACmd
    i_o_control.o(.text) refers to stm32f0xx_rcc.o(.text) for RCC_AHBPeriphClockCmd
    i_o_control.o(.text) refers to stm32f0xx_gpio.o(.text) for GPIO_Init
    communication.o(.text) refers to stm32f0xx_rcc.o(.text) for RCC_AHBPeriphClockCmd
    communication.o(.text) refers to stm32f0xx_gpio.o(.text) for GPIO_PinAFConfig
    communication.o(.text) refers to stm32f0xx_usart.o(.text) for USART_Init
    communication.o(.text) refers to aeabi_sdiv.o(.text) for __aeabi_idivmod
    communication.o(.text) refers to fmul.o(x$fpl$fmul) for __aeabi_fmul
    communication.o(.text) refers to ffixi.o(.text) for __aeabi_f2iz
    contronller.o(.text) refers to frlef.o(x$fpl$frleqf) for __aeabi_cfrcmple
    contronller.o(.text) refers to fmul.o(x$fpl$fmul) for __aeabi_fmul
    contronller.o(.text) refers to adc_control.o(i.__ARM_common_switch8) for __ARM_common_switch8
    contronller.o(.text) refers to faddsub.o(x$fpl$frsb) for __aeabi_frsub
    contronller.o(.text) refers to faddsub.o(x$fpl$fsub) for __aeabi_fsub
    contronller.o(.text) refers to faddsub.o(x$fpl$fadd) for __aeabi_fadd
    contronller.o(.text) refers to flef.o(x$fpl$fleqf) for __aeabi_cfcmple
    contronller.o(.text) refers to fflti.o(.text) for __aeabi_i2f
    contronller.o(.text) refers to ffixi.o(.text) for __aeabi_f2iz
    contronller.o(.text) refers to fdiv.o(.text) for __aeabi_fdiv
    contronller.o(.text) refers to arm_cos_f32.o(.text) for arm_cos_f32
    contronller.o(.text) refers to arm_sin_f32.o(.text) for arm_sin_f32
    contronller.o(.text) refers to main.o(.data) for TIM1_Period
    stm32f0xx_gpio.o(.text) refers to stm32f0xx_rcc.o(.text) for RCC_AHBPeriphResetCmd
[...]
    retnan.o(.text) refers (Special) to usenofp.o(x$fpl$usenofp) for __I$use$fp
    retnan.o(.text) refers to cmpret.o(.text) for __fpl_cmpreturn
    libspace.o(.text) refers to libspace.o(.bss) for __libspace_start
    rtexit.o(.ARM.Collect$$rtexit$$00000000) refers (Special) to rtexit2.o(.ARM.Collect$$rtexit$$00000004) for __rt_exit_exit
    rtexit.o(.ARM.Collect$$rtexit$$00000000) refers (Special) to rtexit2.o(.ARM.Collect$$rtexit$$00000003) for __rt_exit_ls
    rtexit.o(.ARM.Collect$$rtexit$$00000000) refers (Special) to rtexit2.o(.ARM.Collect$$rtexit$$00000002) for __rt_exit_prels_1
    rtexit.o(.ARM.exidx) refers (Special) to rtexit2.o(.ARM.Collect$$rtexit$$00000004) for __rt_exit_exit
    rtexit.o(.ARM.exidx) refers (Special) to rtexit2.o(.ARM.Collect$$rtexit$$00000003) for __rt_exit_ls
    rtexit.o(.ARM.exidx) refers (Special) to rtexit2.o(.ARM.Collect$$rtexit$$00000002) for __rt_exit_prels_1
    rtexit.o(.ARM.exidx) refers to rtexit.o(.ARM.Collect$$rtexit$$00000000) for .ARM.Collect$$rtexit$$00000000
    rt_raise.o(.text) refers to __raise.o(.text) for __raise
    rt_raise.o(.text) refers to sys_exit.o(.text) for _sys_exit
    defsig_exit.o(.text) refers to sys_exit.o(.text) for _sys_exit
    defsig_fpe_inner.o(.text) refers to defsig_general.o(.text) for __default_signal_display
    libinit2.o(.ARM.Collect$$libinit$$0000000E) refers to libinit2.o(.ARM.Collect$$libinit$$0000000D) for .ARM.Collect$$libinit$$0000000D
    libinit2.o(.ARM.Collect$$libinit$$00000010) refers to libinit2.o(.ARM.Collect$$libinit$$0000000D) for .ARM.Collect$$libinit$$0000000D
    libinit2.o(.ARM.Collect$$libinit$$00000012) refers to libinit2.o(.ARM.Collect$$libinit$$0000000D) for .ARM.Collect$$libinit$$0000000D
    libinit2.o(.ARM.Collect$$libinit$$00000014) refers to libinit2.o(.ARM.Collect$$libinit$$0000000D) for .ARM.Collect$$libinit$$0000000D
    libinit2.o(.ARM.Collect$$libinit$$00000016) refers to libinit2.o(.ARM.Collect$$libinit$$0000000D) for .ARM.Collect$$libinit$$0000000D
    libinit2.o(.ARM.Collect$$libinit$$00000024) refers to argv_veneer.o(.text) for __ARM_argv_veneer
    libinit2.o(.ARM.Collect$$libinit$$00000025) refers to argv_veneer.o(.text) for __ARM_argv_veneer
    sys_exit.o(.text) refers (Special) to use_no_semi.o(.text) for __I$use$semihosting
    sys_exit.o(.text) refers (Special) to indicate_semi.o(.text) for __semihosting_library_function
    rtexit2.o(.ARM.Collect$$rtexit$$00000003) refers to libshutdown.o(.ARM.Collect$$libshutdown$$00000000) for __rt_lib_shutdown
    rtexit2.o(.ARM.Collect$$rtexit$$00000004) refers to sys_exit.o(.text) for _sys_exit
    rtexit2.o(.ARM.exidx) refers to rtexit2.o(.ARM.Collect$$rtexit$$00000001) for .ARM.Collect$$rtexit$$00000001
    rtexit2.o(.ARM.exidx) refers to rtexit2.o(.ARM.Collect$$rtexit$$00000003) for .ARM.Collect$$rtexit$$00000003
    rtexit2.o(.ARM.exidx) refers to rtexit2.o(.ARM.Collect$$rtexit$$00000004) for .ARM.Collect$$rtexit$$00000004
    __raise.o(.text) refers to defsig.o(CL$$defsig) for __default_signal_handler
    defsig_general.o(.text) refers to sys_wrch.o(.text) for _ttywrch
    sys_wrch.o(.text) refers (Special) to use_no_semi.o(.text) for __I$use$semihosting
    sys_wrch.o(.text) refers (Special) to indicate_semi.o(.text) for __semihosting_library_function
    defsig.o(CL$$defsig) refers to defsig_fpe_inner.o(.text) for __rt_SIGFPE_inner
    defsig.o(CL$$defsig) refers to defsig_rtmem_inner.o(.text) for __rt_SIGRTMEM_inner
    _get_argv_nomalloc.o(.text) refers (Special) to hrguard.o(.text) for __heap_region$guard
    _get_argv_nomalloc.o(.text) refers to defsig_rtmem_outer.o(.text) for __rt_SIGRTMEM
    _get_argv_nomalloc.o(.text) refers to sys_command.o(.text) for _sys_command_string
    libshutdown.o(.ARM.Collect$$libshutdown$$00000000) refers (Special) to libshutdown2.o(.ARM.Collect$$libshutdown$$00000006) for __rt_lib_shutdown_fp_trap_1
    libshutdown.o(.ARM.Collect$$libshutdown$$00000000) refers (Special) to libshutdown2.o(.ARM.Collect$$libshutdown$$0000000E) for __rt_lib_shutdown_heap_1
    libshutdown.o(.ARM.Collect$$libshutdown$$00000000) refers (Special) to libshutdown2.o(.ARM.Collect$$libshutdown$$0000000F) for __rt_lib_shutdown_return
    libshutdown.o(.ARM.Collect$$libshutdown$$00000000) refers (Special) to libshutdown2.o(.ARM.Collect$$libshutdown$$00000009) for __rt_lib_shutdown_signal_1
    libshutdown.o(.ARM.Collect$$libshutdown$$00000000) refers (Special) to libshutdown2.o(.ARM.Collect$$libshutdown$$00000003) for __rt_lib_shutdown_stdio_1
    libshutdown.o(.ARM.Collect$$libshutdown$$00000000) refers (Special) to libshutdown2.o(.ARM.Collect$$libshutdown$$0000000B) for __rt_lib_shutdown_user_alloc_1
    sys_command.o(.text) refers (Special) to use_no_semi.o(.text) for __I$use$semihosting
    sys_command.o(.text) refers (Special) to indicate_semi.o(.text) for __semihosting_library_function
    defsig_abrt_inner.o(.text) refers to defsig_general.o(.text) for __default_signal_display
    defsig_rtred_inner.o(.text) refers to defsig_general.o(.text) for __default_signal_display
    defsig_rtmem_inner.o(.text) refers to defsig_general.o(.text) for __default_signal_display
    defsig_rtmem_outer.o(.text) refers to defsig_rtmem_inner.o(.text) for __rt_SIGRTMEM_inner
    defsig_rtmem_outer.o(.text) refers to defsig_exit.o(.text) for __sig_exit
    defsig_rtmem_formal.o(.text) refers to rt_raise.o(.text) for __rt_raise
    defsig_stak_inner.o(.text) refers to defsig_general.o(.text) for __default_signal_display
    defsig_pvfn_inner.o(.text) refers to defsig_general.o(.text) for __default_signal_display
    defsig_cppl_inner.o(.text) refers to defsig_general.o(.text) for __default_signal_display
    defsig_segv_inner.o(.text) refers to defsig_general.o(.text) for __default_signal_display
    defsig_other.o(.text) refers to defsig_general.o(.text) for __default_signal_display


==============================================================================

Removing Unused input sections from the image.

    Removing system_stm32f0xx.o(.rev16_text), (4 bytes).
    Removing system_stm32f0xx.o(.revsh_text), (4 bytes).
    Removing main.o(.rev16_text), (4 bytes).
    Removing main.o(.revsh_text), (4 bytes).
    Removing pwm_control.o(.rev16_text), (4 bytes).
    Removing pwm_control.o(.revsh_text), (4 bytes).
    Removing adc_control.o(.rev16_text), (4 bytes).
    Removing adc_control.o(.revsh_text), (4 bytes).
    Removing dma_control.o(.rev16_text), (4 bytes).
    Removing dma_control.o(.revsh_text), (4 bytes).
    Removing i_o_control.o(.rev16_text), (4 bytes).
    Removing i_o_control.o(.revsh_text), (4 bytes).
    Removing communication.o(.rev16_text), (4 bytes).
    Removing communication.o(.revsh_text), (4 bytes).
    Removing contronller.o(.rev16_text), (4 bytes).
    Removing contronller.o(.revsh_text), (4 bytes).
    Removing contronller.o(.constdata), (16 bytes).
    Removing stm32f0xx_gpio.o(.rev16_text), (4 bytes).
    Removing stm32f0xx_gpio.o(.revsh_text), (4 bytes).
    Removing stm32f0xx_rcc.o(.rev16_text), (4 bytes).
    Removing stm32f0xx_rcc.o(.revsh_text), (4 bytes).
    Removing stm32f0xx_i2c.o(.rev16_text), (4 bytes).
    Removing stm32f0xx_i2c.o(.revsh_text), (4 bytes).
    Removing stm32f0xx_i2c.o(.text), (1170 bytes).
    Removing stm32f0xx_tim.o(.rev16_text), (4 bytes).
    Removing stm32f0xx_tim.o(.revsh_text), (4 bytes).
    Removing stm32f0xx_exti.o(.rev16_text), (4 bytes).
    Removing stm32f0xx_exti.o(.revsh_text), (4 bytes).
    Removing stm32f0xx_it.o(.rev16_text), (4 bytes).
    Removing stm32f0xx_it.o(.revsh_text), (4 bytes).
    Removing stm32f0xx_syscfg.o(.rev16_text), (4 bytes).
    Removing stm32f0xx_syscfg.o(.revsh_text), (4 bytes).
    Removing stm32f0xx_syscfg.o(.text), (280 bytes).
    Removing stm32f0xx_misc.o(.rev16_text), (4 bytes).
    Removing stm32f0xx_misc.o(.revsh_text), (4 bytes).
    Removing stm32f0xx_adc.o(.rev16_text), (4 bytes).
    Removing stm32f0xx_adc.o(.revsh_text), (4 bytes).
    Removing stm32f0xx_dma.o(.rev16_text), (4 bytes).
    Removing stm32f0xx_dma.o(.revsh_text), (4 bytes).
    Removing stm32f0xx_usart.o(.rev16_text), (4 bytes).
    Removing stm32f0xx_usart.o(.revsh_text), (4 bytes).
    Removing arm_cos_f32.o(.rev16_text), (4 bytes).
    Removing arm_cos_f32.o(.revsh_text), (4 bytes).
    Removing arm_sin_f32.o(.rev16_text), (4 bytes).
    Removing arm_sin_f32.o(.revsh_text), (4 bytes).
    Removing arm_sin_tables.o(.rev16_text), (4 bytes).
    Removing arm_sin_tables.o(.revsh_text), (4 bytes).

47 unused section(s) (total 1642 bytes) removed from the image.

==============================================================================

Image Symbol Table

    Local Symbols

    Symbol Name                              Value     Ov Type        Size  Object(Section)

    ../clib/angel/boardlib.s                 0x00000000   Number         0  boardinit1.o ABSOLUTE
    ../clib/angel/boardlib.s                 0x00000000   Number         0  boardinit2.o ABSOLUTE
    ../clib/angel/boardlib.s                 0x00000000   Number         0  boardshut.o ABSOLUTE
    ../clib/angel/boardlib.s                 0x00000000   Number         0  boardinit3.o ABSOLUTE
    ../clib/angel/handlers.s                 0x00000000   Number         0  __scatter_copy.o ABSOLUTE
    ../clib/angel/handlers.s                 0x00000000   Number         0  __scatter_zi.o ABSOLUTE
    ../clib/angel/kernel.s                   0x00000000   Number         0  rtentry.o ABSOLUTE
    ../clib/angel/kernel.s                   0x00000000   Number         0  rtexit.o ABSOLUTE
    ../clib/angel/kernel.s                   0x00000000   Number         0  rtentry4.o ABSOLUTE
    ../clib/angel/kernel.s                   0x00000000   Number         0  rtexit2.o ABSOLUTE
    ../clib/angel/kernel.s                   0x00000000   Number         0  rtentry2.o ABSOLUTE
    ../clib/angel/rt.s                       0x00000000   Number         0  aeabi_idiv0.o ABSOLUTE
    ../clib/angel/rt.s                       0x00000000   Number         0  rt_raise.o ABSOLUTE
    ../clib/angel/rt.s                       0x00000000   Number         0  aeabi_idiv0_sigfpe.o ABSOLUTE
    ../clib/angel/rt.s                       0x00000000   Number         0  rt_div0.o ABSOLUTE
    ../clib/angel/scatterp.s                 0x00000000   Number         0  __scatter.o ABSOLUTE
    ../clib/angel/startup.s                  0x00000000   Number         0  __main.o ABSOLUTE
    ../clib/angel/sys.s                      0x00000000   Number         0  use_no_semi.o ABSOLUTE
    ../clib/angel/sys.s                      0x00000000   Number         0  sys_stackheap_outer.o ABSOLUTE
    ../clib/angel/sys.s                      0x00000000   Number         0  indicate_semi.o ABSOLUTE
    ../clib/angel/sys.s                      0x00000000   Number         0  tempstk.o ABSOLUTE
    ../clib/angel/sys.s                      0x00000000   Number         0  libspace.o ABSOLUTE
    ../clib/angel/sysapp.c                   0x00000000   Number         0  sys_wrch.o ABSOLUTE
    ../clib/angel/sysapp.c                   0x00000000   Number         0  sys_exit.o ABSOLUTE
    ../clib/angel/sysapp.c                   0x00000000   Number         0  sys_command.o ABSOLUTE
    ../clib/armsys.c                         0x00000000   Number         0  _get_argv_nomalloc.o ABSOLUTE
    ../clib/armsys.c                         0x00000000   Number         0  no_argv.o ABSOLUTE
    ../clib/armsys.c                         0x00000000   Number         0  argv_veneer.o ABSOLUTE
    ../clib/division.s                       0x00000000   Number         0  aeabi_sdiv_div0.o ABSOLUTE
    ../clib/division.s                       0x00000000   Number         0  aeabi_sdiv.o ABSOLUTE
    ../clib/heapalloc.c                      0x00000000   Number         0  hrguard.o ABSOLUTE
    ../clib/heapaux.c                        0x00000000   Number         0  heapauxi.o ABSOLUTE
    ../clib/libinit.s                        0x00000000   Number         0  libinit2.o ABSOLUTE
    ../clib/libinit.s                        0x00000000   Number         0  libinit.o ABSOLUTE
    ../clib/libinit.s                        0x00000000   Number         0  libshutdown2.o ABSOLUTE
    ../clib/libinit.s                        0x00000000   Number         0  libshutdown.o ABSOLUTE
    ../clib/signal.c                         0x00000000   Number         0  defsig_pvfn_inner.o ABSOLUTE
    ../clib/signal.c                         0x00000000   Number         0  defsig_stak_inner.o ABSOLUTE
    ../clib/signal.c                         0x00000000   Number         0  defsig_rtmem_formal.o ABSOLUTE
    ../clib/signal.c                         0x00000000   Number         0  defsig_rtmem_outer.o ABSOLUTE
    ../clib/signal.c                         0x00000000   Number         0  defsig_rtmem_inner.o ABSOLUTE
    ../clib/signal.c                         0x00000000   Number         0  defsig_rtred_inner.o ABSOLUTE
    ../clib/signal.c                         0x00000000   Number         0  defsig_abrt_inner.o ABSOLUTE
    ../clib/signal.c                         0x00000000   Number         0  defsig_general.o ABSOLUTE
    ../clib/signal.c                         0x00000000   Number         0  __raise.o ABSOLUTE
    ../clib/signal.c                         0x00000000   Number         0  defsig_exit.o ABSOLUTE
    ../clib/signal.c                         0x00000000   Number         0  defsig_fpe_inner.o ABSOLUTE
    ../clib/signal.c                         0x00000000   Number         0  defsig_fpe_outer.o ABSOLUTE
    ../clib/signal.c                         0x00000000   Number         0  defsig_fpe_formal.o ABSOLUTE
    ../clib/signal.c                         0x00000000   Number         0  defsig_other.o ABSOLUTE
    ../clib/signal.c                         0x00000000   Number         0  defsig_segv_inner.o ABSOLUTE
    ../clib/signal.c                         0x00000000   Number         0  defsig_cppl_inner.o ABSOLUTE
    ../clib/signal.s                         0x00000000   Number         0  defsig.o ABSOLUTE
    ../clib/stdlib.c                         0x00000000   Number         0  exit.o ABSOLUTE
    ../fplib/cfplib/cmpret.c                 0x00000000   Number         0  cmpret.o ABSOLUTE
    ../fplib/cfplib/fcmpin.c                 0x00000000   Number         0  fcmpin.o ABSOLUTE
    ../fplib/cfplib/fdiv.c                   0x00000000   Number         0  fdiv.o ABSOLUTE
    ../fplib/cfplib/ffix.c                   0x00000000   Number         0  ffixi.o ABSOLUTE
    ../fplib/cfplib/ffix.c                   0x00000000   Number         0  ffixui.o ABSOLUTE
    ../fplib/cfplib/fflt.c                   0x00000000   Number         0  fflti.o ABSOLUTE
    ../fplib/cfplib/fpinit.c                 0x00000000   Number         0  fpinit.o ABSOLUTE
    ../fplib/cfplib/nan2.c                   0x00000000   Number         0  fnan2.o ABSOLUTE
    ../fplib/cfplib/retnan.c                 0x00000000   Number         0  retnan.o ABSOLUTE
    ../fplib/faddsub6m.s                     0x00000000   Number         0  faddsub.o ABSOLUTE
    ../fplib/fleqf6m.s                       0x00000000   Number         0  flef.o ABSOLUTE
    ../fplib/fmul6m.s                        0x00000000   Number         0  fmul.o ABSOLUTE
    ../fplib/frleqf6m.s                      0x00000000   Number         0  frlef.o ABSOLUTE
    ../fplib/usenofp.s                       0x00000000   Number         0  usenofp.o ABSOLUTE
    ADC_control.c                            0x00000000   Number         0  adc_control.o ABSOLUTE
    ADC_control.c                            0x00000000   Number         0  adc_control.o ABSOLUTE
    CMSIS_5-develop\CMSIS_5-develop\CMSIS\DSP\Source\CommonTables\arm_sin_tables.c 0x00000000   Number         0  arm_sin_tables.o ABSOLUTE
    CMSIS_5-develop\CMSIS_5-develop\CMSIS\DSP\Source\FastMathFunctions\arm_cos_f32.c 0x00000000   Number         0  arm_cos_f32.o ABSOLUTE
    CMSIS_5-develop\CMSIS_5-develop\CMSIS\DSP\Source\FastMathFunctions\arm_sin_f32.c 0x00000000   Number         0  arm_sin_f32.o ABSOLUTE
    CMSIS_5-develop\\CMSIS_5-develop\\CMSIS\\DSP\\Source\\CommonTables\\arm_sin_tables.c 0x00000000   Number         0  arm_sin_tables.o ABSOLUTE
    CMSIS_5-develop\\CMSIS_5-develop\\CMSIS\\DSP\\Source\\FastMathFunctions\\arm_cos_f32.c 0x00000000   Number         0  arm_cos_f32.o ABSOLUTE
    CMSIS_5-develop\\CMSIS_5-develop\\CMSIS\\DSP\\Source\\FastMathFunctions\\arm_sin_f32.c 0x00000000   Number         0  arm_sin_f32.o ABSOLUTE
    Communication.c                          0x00000000   Number         0  communication.o ABSOLUTE
    Communication.c                          0x00000000   Number         0  communication.o ABSOLUTE
    Contronller.c                            0x00000000   Number         0  contronller.o ABSOLUTE
    Contronller.c                            0x00000000   Number         0  contronller.o ABSOLUTE
    D:\HOC TAP\HTDKN\ref\ST\en.stm32f0_stdperiph_lib\STM32F0xx_StdPeriph_Lib_V1.5.0\Libraries\CMSIS\Device\ST\STM32F0xx\Source\Templates\arm\startup_stm32f0xx.s 0x00000000   Number         0  startup_stm32f0xx.o ABSOLUTE
    DMA_control.c                            0x00000000   Number         0  dma_control.o ABSOLUTE
    DMA_control.c                            0x00000000   Number         0  dma_control.o ABSOLUTE
    I_O_control.c                            0x00000000   Number         0  i_o_control.o ABSOLUTE
    I_O_control.c                            0x00000000   Number         0  i_o_control.o ABSOLUTE
    PWM_control.c                            0x00000000   Number         0  pwm_control.o ABSOLUTE
    PWM_control.c                            0x00000000   Number         0  pwm_control.o ABSOLUTE
    STM32F0xx_StdPeriph_Driver\\src\\stm32f0xx_adc.c 0x00000000   Number         0  stm32f0xx_adc.o ABSOLUTE
    STM32F0xx_StdPeriph_Driver\\src\\stm32f0xx_dma.c 0x00000000   Number         0  stm32f0xx_dma.o ABSOLUTE
    STM32F0xx_StdPeriph_Driver\\src\\stm32f0xx_exti.c 0x00000000   Number         0  stm32f0xx_exti.o ABSOLUTE
    STM32F0xx_StdPeriph_Driver\\src\\stm32f0xx_gpio.c 0x00000000   Number         0  stm32f0xx_gpio.o ABSOLUTE
    STM32F0xx_StdPeriph_Driver\\src\\stm32f0xx_i2c.c 0x00000000   Number         0  stm32f0xx_i2c.o ABSOLUTE
    STM32F0xx_StdPeriph_Driver\\src\\stm32f0xx_misc.c 0x00000000   Number         0  stm32f0xx_misc.o ABSOLUTE
    STM32F0xx_StdPeriph_Driver\\src\\stm32f0xx_rcc.c 0x00000000   Number         0  stm32f0xx_rcc.o ABSOLUTE
    STM32F0xx_StdPeriph_Driver\\src\\stm32f0xx_syscfg.c 0x00000000   Number         0  stm32f0xx_syscfg.o ABSOLUTE
    STM32F0xx_StdPeriph_Driver\\src\\stm32f0xx_tim.c 0x00000000   Number         0  stm32f0xx_tim.o ABSOLUTE
    STM32F0xx_StdPeriph_Driver\\src\\stm32f0xx_usart.c 0x00000000   Number         0  stm32f0xx_usart.o ABSOLUTE
    STM32F0xx_StdPeriph_Driver\src\stm32f0xx_adc.c 0x00000000   Number         0  stm32f0xx_adc.o ABSOLUTE
    STM32F0xx_StdPeriph_Driver\src\stm32f0xx_dma.c 0x00000000   Number         0  stm32f0xx_dma.o ABSOLUTE
    STM32F0xx_StdPeriph_Driver\src\stm32f0xx_exti.c 0x00000000   Number         0  stm32f0xx_exti.o ABSOLUTE
    STM32F0xx_StdPeriph_Driver\src\stm32f0xx_gpio.c 0x00000000   Number         0  stm32f0xx_gpio.o ABSOLUTE
    STM32F0xx_StdPeriph_Driver\src\stm32f0xx_i2c.c 0x00000000   Number         0  stm32f0xx_i2c.o ABSOLUTE
    STM32F0xx_StdPeriph_Driver\src\stm32f0xx_misc.c 0x00000000   Number         0  stm32f0xx_misc.o ABSOLUTE
    STM32F0xx_StdPeriph_Driver\src\stm32f0xx_rcc.c 0x00000000   Number         0  stm32f0xx_rcc.o ABSOLUTE
    STM32F0xx_StdPeriph_Driver\src\stm32f0xx_syscfg.c 0x00000000   Number         0  stm32f0xx_syscfg.o ABSOLUTE
    STM32F0xx_StdPeriph_Driver\src\stm32f0xx_tim.c 0x00000000   Number         0  stm32f0xx_tim.o ABSOLUTE
    STM32F0xx_StdPeriph_Driver\src\stm32f0xx_usart.c 0x00000000   Number         0  stm32f0xx_usart.o ABSOLUTE
    dc.s                                     0x00000000   Number         0  dc.o ABSOLUTE
    main.c                                   0x00000000   Number         0  main.o ABSOLUTE
    main.c                                   0x00000000   Number         0  main.o ABSOLUTE
    stm32f0xx_it.c                           0x00000000   Number         0  stm32f0xx_it.o ABSOLUTE
    stm32f0xx_it.c                           0x00000000   Number         0  stm32f0xx_it.o ABSOLUTE
    system_stm32f0xx.c                       0x00000000   Number         0  system_stm32f0xx.o ABSOLUTE
    system_stm32f0xx.c                       0x00000000   Number         0  system_stm32f0xx.o ABSOLUTE
    RESET                                    0x08000000   Section      192  startup_stm32f0xx.o(RESET)
    !!!main                                  0x080000c0   Section        8  __main.o(!!!main)
    !!!scatter                               0x080000c8   Section       60  __scatter.o(!!!scatter)
    !!handler_copy                           0x08000104   Section       26  __scatter_copy.o(!!handler_copy)
    !!handler_zi                             0x08000120   Section       28  __scatter_zi.o(!!handler_zi)
    .ARM.Collect$$libinit$$00000000          0x0800013c   Section        2  libinit.o(.ARM.Collect$$libinit$$00000000)
    .ARM.Collect$$libinit$$00000001          0x0800013e   Section        4  libinit2.o(.ARM.Collect$$libinit$$00000001)
    .ARM.Collect$$libinit$$00000008          0x08000142   Section        0  libinit2.o(.ARM.Collect$$libinit$$00000008)
    .ARM.Collect$$libinit$$0000000A          0x08000142   Section        0  libinit2.o(.ARM.Collect$$libinit$$0000000A)
    .ARM.Collect$$libinit$$0000000C          0x08000142   Section        0  libinit2.o(.ARM.Collect$$libinit$$0000000C)
    .ARM.Collect$$libinit$$0000000F          0x08000142   Section        0  libinit2.o(.ARM.Collect$$libinit$$0000000F)
    .ARM.Collect$$libinit$$00000011          0x08000142   Section        0  libinit2.o(.ARM.Collect$$libinit$$00000011)
    .ARM.Collect$$libinit$$00000013          0x08000142   Section        0  libinit2.o(.ARM.Collect$$libinit$$00000013)
    .ARM.Collect$$libinit$$00000015          0x08000142   Section        0  libinit2.o(.ARM.Collect$$libinit$$00000015)
    .ARM.Collect$$libinit$$00000017          0x08000142   Section        0  libinit2.o(.ARM.Collect$$libinit$$00000017)
    .ARM.Collect$$libinit$$00000019          0x08000142   Section        0  libinit2.o(.ARM.Collect$$libinit$$00000019)
    .ARM.Collect$$libinit$$0000001B          0x08000142   Section        0  libinit2.o(.ARM.Collect$$libinit$$0000001B)
    .ARM.Collect$$libinit$$0000001D          0x08000142   Section        0  libinit2.o(.ARM.Collect$$libinit$$0000001D)
    .ARM.Collect$$libinit$$0000001F          0x08000142   Section        0  libinit2.o(.ARM.Collect$$libinit$$0000001F)
    .ARM.Collect$$libinit$$00000021          0x08000142   Section        0  libinit2.o(.ARM.Collect$$libinit$$00000021)
    .ARM.Collect$$libinit$$00000023          0x08000142   Section        0  libinit2.o(.ARM.Collect$$libinit$$00000023)
    .ARM.Collect$$libinit$$0000002A          0x08000142   Section        0  libinit2.o(.ARM.Collect$$libinit$$0000002A)
    .ARM.Collect$$libinit$$0000002C          0x08000142   Section        0  libinit2.o(.ARM.Collect$$libinit$$0000002C)
    .ARM.Collect$$libinit$$0000002E          0x08000142   Section        0  libinit2.o(.ARM.Collect$$libinit$$0000002E)
    .ARM.Collect$$libinit$$00000030          0x08000142   Section        0  libinit2.o(.ARM.Collect$$libinit$$00000030)
    .ARM.Collect$$libinit$$00000031          0x08000142   Section        2  libinit2.o(.ARM.Collect$$libinit$$00000031)
    .ARM.Collect$$libshutdown$$00000000      0x08000144   Section        2  libshutdown.o(.ARM.Collect$$libshutdown$$00000000)
    .ARM.Collect$$libshutdown$$00000003      0x08000146   Section        0  libshutdown2.o(.ARM.Collect$$libshutdown$$00000003)
    .ARM.Collect$$libshutdown$$00000006      0x08000146   Section        0  libshutdown2.o(.ARM.Collect$$libshutdown$$00000006)
    .ARM.Collect$$libshutdown$$00000009      0x08000146   Section        0  libshutdown2.o(.ARM.Collect$$libshutdown$$00000009)
    .ARM.Collect$$libshutdown$$0000000B      0x08000146   Section        0  libshutdown2.o(.ARM.Collect$$libshutdown$$0000000B)
    .ARM.Collect$$libshutdown$$0000000E      0x08000146   Section        0  libshutdown2.o(.ARM.Collect$$libshutdown$$0000000E)
    .ARM.Collect$$libshutdown$$0000000F      0x08000146   Section        2  libshutdown2.o(.ARM.Collect$$libshutdown$$0000000F)
    .ARM.Collect$$rtentry$$00000000          0x08000148   Section        0  rtentry.o(.ARM.Collect$$rtentry$$00000000)
    .ARM.Collect$$rtentry$$00000002          0x08000148   Section        0  rtentry2.o(.ARM.Collect$$rtentry$$00000002)
    .ARM.Collect$$rtentry$$00000004          0x08000148   Section        6  rtentry4.o(.ARM.Collect$$rtentry$$00000004)
    .ARM.Collect$$rtentry$$00000009          0x0800014e   Section        0  rtentry2.o(.ARM.Collect$$rtentry$$00000009)
    .ARM.Collect$$rtentry$$0000000A          0x0800014e   Section        4  rtentry2.o(.ARM.Collect$$rtentry$$0000000A)
    .ARM.Collect$$rtentry$$0000000C          0x08000152   Section        0  rtentry2.o(.ARM.Collect$$rtentry$$0000000C)
    .ARM.Collect$$rtentry$$0000000D          0x08000152   Section        8  rtentry2.o(.ARM.Collect$$rtentry$$0000000D)
    .ARM.Collect$$rtexit$$00000000           0x0800015a   Section        2  rtexit.o(.ARM.Collect$$rtexit$$00000000)
    .ARM.Collect$$rtexit$$00000002           0x0800015c   Section        0  rtexit2.o(.ARM.Collect$$rtexit$$00000002)
    .ARM.Collect$$rtexit$$00000003           0x0800015c   Section        4  rtexit2.o(.ARM.Collect$$rtexit$$00000003)
    .ARM.Collect$$rtexit$$00000004           0x08000160   Section        6  rtexit2.o(.ARM.Collect$$rtexit$$00000004)
    .text                                    0x08000168   Section        0  system_stm32f0xx.o(.text)
    SetSysClock                              0x08000169   Thumb Code   202  system_stm32f0xx.o(.text)
    .text                                    0x0800035c   Section      116  startup_stm32f0xx.o(.text)
    .text                                    0x080003d0   Section        0  main.o(.text)
    .text                                    0x0800055c   Section        0  pwm_control.o(.text)
    .text                                    0x08000798   Section        0  adc_control.o(.text)
    .text                                    0x080008ec   Section        0  dma_control.o(.text)
    .text                                    0x08000a1c   Section        0  i_o_control.o(.text)
    .text                                    0x08000ab4   Section        0  communication.o(.text)
    .text                                    0x08000c24   Section        0  contronller.o(.text)
    .text                                    0x08000fec   Section        0  stm32f0xx_gpio.o(.text)
    .text                                    0x080011f4   Section        0  stm32f0xx_rcc.o(.text)
    .text                                    0x08001938   Section        0  stm32f0xx_tim.o(.text)
    TI4_Config                               0x080020a1   Thumb Code    66  stm32f0xx_tim.o(.text)
    TI3_Config                               0x080020f5   Thumb Code    66  stm32f0xx_tim.o(.text)
    TI2_Config                               0x08002185   Thumb Code    66  stm32f0xx_tim.o(.text)
    TI1_Config                               0x080021d9   Thumb Code    54  stm32f0xx_tim.o(.text)
    .text                                    0x08002538   Section        0  stm32f0xx_exti.o(.text)
    .text                                    0x0800262c   Section        0  stm32f0xx_it.o(.text)
    .text                                    0x080026d4   Section        0  stm32f0xx_misc.o(.text)
    .text                                    0x08002788   Section        0  stm32f0xx_adc.o(.text)
    .text                                    0x08002a6c   Section        0  stm32f0xx_dma.o(.text)
    .text                                    0x08002d14   Section        0  stm32f0xx_usart.o(.text)
    .text                                    0x08003320   Section        0  arm_cos_f32.o(.text)
    .text                                    0x080033dc   Section        0  arm_sin_f32.o(.text)
    .text                                    0x0800348c   Section      346  aeabi_sdiv.o(.text)
    .text                                    0x080035e6   Section        0  heapauxi.o(.text)
    .text                                    0x080035ec   Section        0  fdiv.o(.text)
    .text                                    0x0800374c   Section        0  ffixi.o(.text)
    .text                                    0x08003798   Section        0  ffixui.o(.text)
    .text                                    0x080037c8   Section        0  fflti.o(.text)
    .text                                    0x08003828   Section        0  fcmpin.o(.text)
    .text                                    0x0800388c   Section        0  cmpret.o(.text)
    .text                                    0x080038bc   Section        0  fnan2.o(.text)
    .text                                    0x080038cc   Section       62  sys_stackheap_outer.o(.text)
    .text                                    0x0800390a   Section        0  exit.o(.text)
    .text                                    0x08003916   Section        0  retnan.o(.text)
    .text                                    0x08003974   Section        8  libspace.o(.text)
    .text                                    0x0800397c   Section        0  sys_exit.o(.text)
    .text                                    0x08003988   Section        2  use_no_semi.o(.text)
    .text                                    0x0800398a   Section        0  indicate_semi.o(.text)
    i.__ARM_common_switch8                   0x0800398a   Section        0  adc_control.o(i.__ARM_common_switch8)
    x$fpl$fadd                               0x080039a8   Section      140  faddsub.o(x$fpl$fadd)
    _fadd1                                   0x080039b5   Thumb Code     0  faddsub.o(x$fpl$fadd)
    x$fpl$fleqf                              0x08003a34   Section       84  flef.o(x$fpl$fleqf)
    x$fpl$fmul                               0x08003a88   Section      176  fmul.o(x$fpl$fmul)
    x$fpl$frleqf                             0x08003b38   Section       88  frlef.o(x$fpl$frleqf)
    x$fpl$frsb                               0x08003b90   Section       24  faddsub.o(x$fpl$frsb)
    x$fpl$fsub                               0x08003ba8   Section      208  faddsub.o(x$fpl$fsub)
    _fsub1                                   0x08003bb5   Thumb Code     0  faddsub.o(x$fpl$fsub)
    .constdata                               0x08003c78   Section     2052  arm_sin_tables.o(.constdata)
    x$fpl$usenofp                            0x08003c78   Section        0  usenofp.o(x$fpl$usenofp)
    .constdata                               0x0800447c   Section       64  fdiv.o(.constdata)
    fdiv_tab                                 0x0800447c   Data          64  fdiv.o(.constdata)
    .data                                    0x20000000   Section       20  system_stm32f0xx.o(.data)
    .data                                    0x20000014   Section       68  main.o(.data)
    .data                                    0x20000058   Section       16  stm32f0xx_rcc.o(.data)
    APBAHBPrescTable                         0x20000058   Data          16  stm32f0xx_rcc.o(.data)
    .data                                    0x20000068   Section        4  stm32f0xx_it.o(.data)
    times                                    0x20000068   Data           4  stm32f0xx_it.o(.data)
    .bss                                     0x2000006c   Section       16  main.o(.bss)
    .bss                                     0x2000007c   Section       96  libspace.o(.bss)
    HEAP                                     0x200000e0   Section      512  startup_stm32f0xx.o(HEAP)
    Heap_Mem                                 0x200000e0   Data         512  startup_stm32f0xx.o(HEAP)
    STACK                                    0x200002e0   Section     1024  startup_stm32f0xx.o(STACK)
    Stack_Mem                                0x200002e0   Data        1024  startup_stm32f0xx.o(STACK)
    __initial_sp                             0x200006e0   Data           0  startup_stm32f0xx.o(STACK)

    Global Symbols

    Symbol Name                              Value     Ov Type        Size  Object(Section)

    BuildAttributes$$THM_ISAv3M$S$PE$A:L22$X:L11$S22$IEEE1$IW$USESV6$~STKCKD$USESV7$~SHL$OSPACE$ROPI$EBA8$UX$STANDARDLIB$REQ8$PRES8$EABIv2 0x00000000   Number         0  anon$$obj.o ABSOLUTE
    __ARM_use_no_argv                        0x00000000   Number         0  main.o ABSOLUTE
    __ARM_exceptions_init                     - Undefined Weak Reference
    __alloca_initialize                       - Undefined Weak Reference
    __cpp_initialize__aeabi_                  - Undefined Weak Reference
    __cxa_finalize                            - Undefined Weak Reference
    __rt_locale                               - Undefined Weak Reference
    __sigvec_lookup                           - Undefined Weak Reference
    _atexit_init                              - Undefined Weak Reference
    _call_atexit_fns                          - Undefined Weak Reference
    _clock_init                               - Undefined Weak Reference
    _fp_trap_init                             - Undefined Weak Reference
    _fp_trap_shutdown                         - Undefined Weak Reference
    _get_lc_collate                           - Undefined Weak Reference
    _get_lc_ctype                             - Undefined Weak Reference
    _get_lc_monetary                          - Undefined Weak Reference
    _get_lc_numeric                           - Undefined Weak Reference
    _get_lc_time                              - Undefined Weak Reference
    _getenv_init                              - Undefined Weak Reference
    _handle_redirection                       - Undefined Weak Reference
    _init_alloc                               - Undefined Weak Reference
    _init_user_alloc                          - Undefined Weak Reference
    _initio                                   - Undefined Weak Reference
    _rand_init                                - Undefined Weak Reference
    _signal_finish                            - Undefined Weak Reference
    _signal_init                              - Undefined Weak Reference
    _terminate_alloc                          - Undefined Weak Reference
    _terminate_user_alloc                     - Undefined Weak Reference
    _terminateio                              - Undefined Weak Reference
    __Vectors_Size                           0x000000c0   Number         0  startup_stm32f0xx.o ABSOLUTE
    __Vectors                                0x08000000   Data           4  startup_stm32f0xx.o(RESET)
    __Vectors_End                            0x080000c0   Data           0  startup_stm32f0xx.o(RESET)
    __main                                   0x080000c1   Thumb Code     8  __main.o(!!!main)
    __scatterload                            0x080000c9   Thumb Code     0  __scatter.o(!!!scatter)
    __scatterload_rt2                        0x080000c9   Thumb Code    52  __scatter.o(!!!scatter)
    __scatterload_rt2_thumb_only             0x080000c9   Thumb Code     0  __scatter.o(!!!scatter)
    __scatterload_null                       0x080000d9   Thumb Code     0  __scatter.o(!!!scatter)
    __scatterload_copy                       0x08000105   Thumb Code    26  __scatter_copy.o(!!handler_copy)
    __scatterload_zeroinit                   0x08000121   Thumb Code    28  __scatter_zi.o(!!handler_zi)
    __rt_lib_init                            0x0800013d   Thumb Code     0  libinit.o(.ARM.Collect$$libinit$$00000000)
    __rt_lib_init_fp_1                       0x0800013f   Thumb Code     0  libinit2.o(.ARM.Collect$$libinit$$00000001)
    __rt_lib_init_alloca_1                   0x08000143   Thumb Code     0  libinit2.o(.ARM.Collect$$libinit$$0000002C)
    __rt_lib_init_argv_1                     0x08000143   Thumb Code     0  libinit2.o(.ARM.Collect$$libinit$$0000002A)
    __rt_lib_init_atexit_1                   0x08000143   Thumb Code     0  libinit2.o(.ARM.Collect$$libinit$$00000019)
    __rt_lib_init_clock_1                    0x08000143   Thumb Code     0  libinit2.o(.ARM.Collect$$libinit$$0000001F)
    __rt_lib_init_cpp_1                      0x08000143   Thumb Code     0  libinit2.o(.ARM.Collect$$libinit$$00000030)
    __rt_lib_init_exceptions_1               0x08000143   Thumb Code     0  libinit2.o(.ARM.Collect$$libinit$$0000002E)
    __rt_lib_init_fp_trap_1                  0x08000143   Thumb Code     0  libinit2.o(.ARM.Collect$$libinit$$0000001D)
    __rt_lib_init_getenv_1                   0x08000143   Thumb Code     0  libinit2.o(.ARM.Collect$$libinit$$00000021)
    __rt_lib_init_heap_1                     0x08000143   Thumb Code     0  libinit2.o(.ARM.Collect$$libinit$$00000008)
    __rt_lib_init_lc_collate_1               0x08000143   Thumb Code     0  libinit2.o(.ARM.Collect$$libinit$$0000000F)
    __rt_lib_init_lc_ctype_1                 0x08000143   Thumb Code     0  libinit2.o(.ARM.Collect$$libinit$$00000011)
    __rt_lib_init_lc_monetary_1              0x08000143   Thumb Code     0  libinit2.o(.ARM.Collect$$libinit$$00000013)
    __rt_lib_init_lc_numeric_1               0x08000143   Thumb Code     0  libinit2.o(.ARM.Collect$$libinit$$00000015)
    __rt_lib_init_lc_time_1                  0x08000143   Thumb Code     0  libinit2.o(.ARM.Collect$$libinit$$00000017)
    __rt_lib_init_rand_1                     0x08000143   Thumb Code     0  libinit2.o(.ARM.Collect$$libinit$$0000000C)
    __rt_lib_init_return                     0x08000143   Thumb Code     0  libinit2.o(.ARM.Collect$$libinit$$00000031)
    __rt_lib_init_signal_1                   0x08000143   Thumb Code     0  libinit2.o(.ARM.Collect$$libinit$$0000001B)
    __rt_lib_init_stdio_1                    0x08000143   Thumb Code     0  libinit2.o(.ARM.Collect$$libinit$$00000023)
    __rt_lib_init_user_alloc_1               0x08000143   Thumb Code     0  libinit2.o(.ARM.Collect$$libinit$$0000000A)
    __rt_lib_shutdown                        0x08000145   Thumb Code     0  libshutdown.o(.ARM.Collect$$libshutdown$$00000000)
    __rt_lib_shutdown_fp_trap_1              0x08000147   Thumb Code     0  libshutdown2.o(.ARM.Collect$$libshutdown$$00000006)
    __rt_lib_shutdown_heap_1                 0x08000147   Thumb Code     0  libshutdown2.o(.ARM.Collect$$libshutdown$$0000000E)
    __rt_lib_shutdown_return                 0x08000147   Thumb Code     0  libshutdown2.o(.ARM.Collect$$libshutdown$$0000000F)
    __rt_lib_shutdown_signal_1               0x08000147   Thumb Code     0  libshutdown2.o(.ARM.Collect$$libshutdown$$00000009)
    __rt_lib_shutdown_stdio_1                0x08000147   Thumb Code     0  libshutdown2.o(.ARM.Collect$$libshutdown$$00000003)
    __rt_lib_shutdown_user_alloc_1           0x08000147   Thumb Code     0  libshutdown2.o(.ARM.Collect$$libshutdown$$0000000B)
    __rt_entry                               0x08000149   Thumb Code     0  rtentry.o(.ARM.Collect$$rtentry$$00000000)
    __rt_entry_presh_1                       0x08000149   Thumb Code     0  rtentry2.o(.ARM.Collect$$rtentry$$00000002)
    __rt_entry_sh                            0x08000149   Thumb Code     0  rtentry4.o(.ARM.Collect$$rtentry$$00000004)
    __rt_entry_li                            0x0800014f   Thumb Code     0  rtentry2.o(.ARM.Collect$$rtentry$$0000000A)
    __rt_entry_postsh_1                      0x0800014f   Thumb Code     0  rtentry2.o(.ARM.Collect$$rtentry$$00000009)
    __rt_entry_main                          0x08000153   Thumb Code     0  rtentry2.o(.ARM.Collect$$rtentry$$0000000D)
    __rt_entry_postli_1                      0x08000153   Thumb Code     0  rtentry2.o(.ARM.Collect$$rtentry$$0000000C)
    __rt_exit                                0x0800015b   Thumb Code     0  rtexit.o(.ARM.Collect$$rtexit$$00000000)
    __rt_exit_ls                             0x0800015d   Thumb Code     0  rtexit2.o(.ARM.Collect$$rtexit$$00000003)
    __rt_exit_prels_1                        0x0800015d   Thumb Code     0  rtexit2.o(.ARM.Collect$$rtexit$$00000002)
    __rt_exit_exit                           0x08000161   Thumb Code     0  rtexit2.o(.ARM.Collect$$rtexit$$00000004)
    SystemInit                               0x08000233   Thumb Code   110  system_stm32f0xx.o(.text)
    SystemCoreClockUpdate                    0x080002a1   Thumb Code   154  system_stm32f0xx.o(.text)
    Reset_Handler                            0x0800035d   Thumb Code    38  startup_stm32f0xx.o(.text)
    ADC1_COMP_IRQHandler                     0x0800038d   Thumb Code     0  startup_stm32f0xx.o(.text)
    CEC_IRQHandler                           0x0800038d   Thumb Code     0  startup_stm32f0xx.o(.text)
    DMA1_Channel4_5_IRQHandler               0x0800038d   Thumb Code     0  startup_stm32f0xx.o(.text)
    EXTI2_3_IRQHandler                       0x0800038d   Thumb Code     0  startup_stm32f0xx.o(.text)
    FLASH_IRQHandler                         0x0800038d   Thumb Code     0  startup_stm32f0xx.o(.text)
    I2C1_IRQHandler                          0x0800038d   Thumb Code     0  startup_stm32f0xx.o(.text)
    I2C2_IRQHandler                          0x0800038d   Thumb Code     0  startup_stm32f0xx.o(.text)
    PVD_IRQHandler                           0x0800038d   Thumb Code     0  startup_stm32f0xx.o(.text)
    RCC_IRQHandler                           0x0800038d   Thumb Code     0  startup_stm32f0xx.o(.text)
    RTC_IRQHandler                           0x0800038d   Thumb Code     0  startup_stm32f0xx.o(.text)
    SPI1_IRQHandler                          0x0800038d   Thumb Code     0  startup_stm32f0xx.o(.text)
    SPI2_IRQHandler                          0x0800038d   Thumb Code     0  startup_stm32f0xx.o(.text)
    TIM15_IRQHandler                         0x0800038d   Thumb Code     0  startup_stm32f0xx.o(.text)
    TIM16_IRQHandler                         0x0800038d   Thumb Code     0  startup_stm32f0xx.o(.text)
    TIM17_IRQHandler                         0x0800038d   Thumb Code     0  startup_stm32f0xx.o(.text)
    TIM2_IRQHandler                          0x0800038d   Thumb Code     0  startup_stm32f0xx.o(.text)
    TIM6_DAC_IRQHandler                      0x0800038d   Thumb Code     0  startup_stm32f0xx.o(.text)
    TS_IRQHandler                            0x0800038d   Thumb Code     0  startup_stm32f0xx.o(.text)
    USART1_IRQHandler                        0x0800038d   Thumb Code     0  startup_stm32f0xx.o(.text)
    USART2_IRQHandler                        0x0800038d   Thumb Code     0  startup_stm32f0xx.o(.text)
    WWDG_IRQHandler                          0x0800038d   Thumb Code     0  startup_stm32f0xx.o(.text)
    __user_initial_stackheap                 0x08000391   Thumb Code     0  startup_stm32f0xx.o(.text)
    main                                     0x080003d1   Thumb Code   154  main.o(.text)
    TIM3_IRQHandler                          0x0800046b   Thumb Code     2  main.o(.text)
    TIM1_BRK_UP_TRG_COM_IRQHandler           0x0800046d   Thumb Code    32  main.o(.text)
    TIM1_CC_IRQHandler                       0x0800048d   Thumb Code    12  main.o(.text)
    DMA1_Channel2_3_IRQHandler               0x08000499   Thumb Code   114  main.o(.text)
    TIM14_IRQHandler                         0x0800050b   Thumb Code    16  main.o(.text)
    DMA1_Channel1_IRQHandler                 0x0800051b   Thumb Code    10  main.o(.text)
    Timer1_PWM_config                        0x0800055d   Thumb Code   194  pwm_control.o(.text)
    Timer1_PWM_Pin_Config                    0x0800061f   Thumb Code   130  pwm_control.o(.text)
    Timer3_sample_config                     0x080006a1   Thumb Code    78  pwm_control.o(.text)
    Sample_indicator_config                  0x080006ef   Thumb Code    42  pwm_control.o(.text)
    Timer14_sample_config                    0x08000719   Thumb Code    88  pwm_control.o(.text)
    ADC_Single_channel_start_conversion      0x08000799   Thumb Code    28  adc_control.o(.text)
    ADC_Common_config                        0x080007b5   Thumb Code   152  adc_control.o(.text)
    Current_per_phase_calculate              0x0800084d   Thumb Code   152  adc_control.o(.text)
    DMA_ADC_config                           0x080008ed   Thumb Code   112  dma_control.o(.text)
    DMA_UART1_config                         0x0800095d   Thumb Code   184  dma_control.o(.text)
    I_O_function_config                      0x08000a1d   Thumb Code    38  i_o_control.o(.text)
    Turn_on_P5V_driver                       0x08000a43   Thumb Code    14  i_o_control.o(.text)
    Turn_off_P5V_driver                      0x08000a51   Thumb Code    14  i_o_control.o(.text)
    Toggle_PB9                               0x08000a5f   Thumb Code    26  i_o_control.o(.text)
    Toggle_PB8                               0x08000a79   Thumb Code    26  i_o_control.o(.text)
    Toggle_PB10                              0x08000a93   Thumb Code    26  i_o_control.o(.text)
    UART1_Init                               0x08000ab5   Thumb Code   106  communication.o(.text)
    IntToStr6                                0x08000b1f   Thumb Code   128  communication.o(.text)
    FloatToStr5                              0x08000b9f   Thumb Code   120  communication.o(.text)
    Space_vector_Modulation                  0x08000c25   Thumb Code   848  contronller.o(.text)
    vector_rotate                            0x08000f75   Thumb Code    96  contronller.o(.text)
    GPIO_DeInit                              0x08000fed   Thumb Code   156  stm32f0xx_gpio.o(.text)
    GPIO_Init                                0x08001089   Thumb Code   144  stm32f0xx_gpio.o(.text)
    GPIO_StructInit                          0x08001119   Thumb Code    20  stm32f0xx_gpio.o(.text)
    GPIO_PinLockConfig                       0x0800112d   Thumb Code    34  stm32f0xx_gpio.o(.text)
    GPIO_ReadInputDataBit                    0x0800114f   Thumb Code    18  stm32f0xx_gpio.o(.text)
    GPIO_ReadInputData                       0x08001161   Thumb Code     6  stm32f0xx_gpio.o(.text)
    GPIO_ReadOutputDataBit                   0x08001167   Thumb Code    18  stm32f0xx_gpio.o(.text)
    GPIO_ReadOutputData                      0x08001179   Thumb Code     6  stm32f0xx_gpio.o(.text)
    GPIO_SetBits                             0x0800117f   Thumb Code     4  stm32f0xx_gpio.o(.text)
    GPIO_ResetBits                           0x08001183   Thumb Code     4  stm32f0xx_gpio.o(.text)
    GPIO_WriteBit                            0x08001187   Thumb Code    12  stm32f0xx_gpio.o(.text)
    GPIO_Write                               0x08001193   Thumb Code     4  stm32f0xx_gpio.o(.text)
    GPIO_PinAFConfig                         0x08001197   Thumb Code    68  stm32f0xx_gpio.o(.text)
    RCC_DeInit                               0x080011f5   Thumb Code   102  stm32f0xx_rcc.o(.text)
    RCC_HSEConfig                            0x0800125b   Thumb Code    12  stm32f0xx_rcc.o(.text)
    RCC_GetFlagStatus                        0x08001267   Thumb Code    66  stm32f0xx_rcc.o(.text)
    RCC_WaitForHSEStartUp                    0x080012a9   Thumb Code    60  stm32f0xx_rcc.o(.text)
    RCC_AdjustHSICalibrationValue            0x080012e5   Thumb Code    26  stm32f0xx_rcc.o(.text)
    RCC_HSICmd                               0x080012ff   Thumb Code    32  stm32f0xx_rcc.o(.text)
    RCC_AdjustHSI14CalibrationValue          0x0800131f   Thumb Code    26  stm32f0xx_rcc.o(.text)
    RCC_HSI14Cmd                             0x08001339   Thumb Code    32  stm32f0xx_rcc.o(.text)
    RCC_HSI14ADCRequestCmd                   0x08001359   Thumb Code    32  stm32f0xx_rcc.o(.text)
    RCC_LSEConfig                            0x08001379   Thumb Code    34  stm32f0xx_rcc.o(.text)
    RCC_LSEDriveConfig                       0x0800139b   Thumb Code    22  stm32f0xx_rcc.o(.text)
    RCC_LSICmd                               0x080013b1   Thumb Code    32  stm32f0xx_rcc.o(.text)
    RCC_PLLConfig                            0x080013d1   Thumb Code    30  stm32f0xx_rcc.o(.text)
    RCC_PLLCmd                               0x080013ef   Thumb Code    36  stm32f0xx_rcc.o(.text)
    RCC_HSI48Cmd                             0x08001413   Thumb Code    36  stm32f0xx_rcc.o(.text)
    RCC_PREDIV1Config                        0x08001437   Thumb Code    24  stm32f0xx_rcc.o(.text)
    RCC_ClockSecuritySystemCmd               0x0800144f   Thumb Code    36  stm32f0xx_rcc.o(.text)
    RCC_MCOConfig                            0x08001473   Thumb Code    24  stm32f0xx_rcc.o(.text)
    RCC_SYSCLKConfig                         0x0800148b   Thumb Code    24  stm32f0xx_rcc.o(.text)
    RCC_GetSYSCLKSource                      0x080014a3   Thumb Code    10  stm32f0xx_rcc.o(.text)
    RCC_HCLKConfig                           0x080014ad   Thumb Code    28  stm32f0xx_rcc.o(.text)
    RCC_PCLKConfig                           0x080014c9   Thumb Code    30  stm32f0xx_rcc.o(.text)
    RCC_ADCCLKConfig                         0x080014e7   Thumb Code    52  stm32f0xx_rcc.o(.text)
    RCC_CECCLKConfig                         0x0800151b   Thumb Code    22  stm32f0xx_rcc.o(.text)
    RCC_I2CCLKConfig                         0x08001531   Thumb Code    22  stm32f0xx_rcc.o(.text)
    RCC_USARTCLKConfig                       0x08001547   Thumb Code    68  stm32f0xx_rcc.o(.text)
    RCC_USBCLKConfig                         0x0800158b   Thumb Code    22  stm32f0xx_rcc.o(.text)
    RCC_GetClocksFreq                        0x080015a1   Thumb Code   568  stm32f0xx_rcc.o(.text)
    RCC_RTCCLKConfig                         0x080017d9   Thumb Code    12  stm32f0xx_rcc.o(.text)
    RCC_RTCCLKCmd                            0x080017e5   Thumb Code    36  stm32f0xx_rcc.o(.text)
    RCC_BackupResetCmd                       0x08001809   Thumb Code    36  stm32f0xx_rcc.o(.text)
    RCC_AHBPeriphClockCmd                    0x0800182d   Thumb Code    28  stm32f0xx_rcc.o(.text)
    RCC_APB2PeriphClockCmd                   0x08001849   Thumb Code    28  stm32f0xx_rcc.o(.text)
    RCC_APB1PeriphClockCmd                   0x08001865   Thumb Code    28  stm32f0xx_rcc.o(.text)
    RCC_AHBPeriphResetCmd                    0x08001881   Thumb Code    28  stm32f0xx_rcc.o(.text)
    RCC_APB2PeriphResetCmd                   0x0800189d   Thumb Code    28  stm32f0xx_rcc.o(.text)
    RCC_APB1PeriphResetCmd                   0x080018b9   Thumb Code    28  stm32f0xx_rcc.o(.text)
    RCC_ITConfig                             0x080018d5   Thumb Code    28  stm32f0xx_rcc.o(.text)
    RCC_ClearFlag                            0x080018f1   Thumb Code    16  stm32f0xx_rcc.o(.text)
    RCC_GetITStatus                          0x08001901   Thumb Code    20  stm32f0xx_rcc.o(.text)
    RCC_ClearITPendingBit                    0x08001915   Thumb Code     6  stm32f0xx_rcc.o(.text)
    TIM_DeInit                               0x08001939   Thumb Code   228  stm32f0xx_tim.o(.text)
    TIM_TimeBaseInit                         0x08001a1d   Thumb Code    90  stm32f0xx_tim.o(.text)
    TIM_TimeBaseStructInit                   0x08001a77   Thumb Code    18  stm32f0xx_tim.o(.text)
    TIM_PrescalerConfig                      0x08001a89   Thumb Code     6  stm32f0xx_tim.o(.text)
    TIM_CounterModeConfig                    0x08001a8f   Thumb Code    20  stm32f0xx_tim.o(.text)
    TIM_SetCounter                           0x08001aa3   Thumb Code     4  stm32f0xx_tim.o(.text)
    TIM_SetAutoreload                        0x08001aa7   Thumb Code     4  stm32f0xx_tim.o(.text)
    TIM_GetCounter                           0x08001aab   Thumb Code     6  stm32f0xx_tim.o(.text)
    TIM_GetPrescaler                         0x08001ab1   Thumb Code     6  stm32f0xx_tim.o(.text)
    TIM_UpdateDisableConfig                  0x08001ab7   Thumb Code    26  stm32f0xx_tim.o(.text)
    TIM_UpdateRequestConfig                  0x08001ad1   Thumb Code    26  stm32f0xx_tim.o(.text)
    TIM_ARRPreloadConfig                     0x08001aeb   Thumb Code    26  stm32f0xx_tim.o(.text)
    TIM_SelectOnePulseMode                   0x08001b05   Thumb Code    18  stm32f0xx_tim.o(.text)
    TIM_SetClockDivision                     0x08001b17   Thumb Code    16  stm32f0xx_tim.o(.text)
    TIM_Cmd                                  0x08001b27   Thumb Code    26  stm32f0xx_tim.o(.text)
    TIM_BDTRConfig                           0x08001b41   Thumb Code    32  stm32f0xx_tim.o(.text)
    TIM_BDTRStructInit                       0x08001b61   Thumb Code    18  stm32f0xx_tim.o(.text)
    TIM_CtrlPWMOutputs                       0x08001b73   Thumb Code    34  stm32f0xx_tim.o(.text)
    TIM_OC1Init                              0x08001b95   Thumb Code   122  stm32f0xx_tim.o(.text)
    TIM_OC2Init                              0x08001c0f   Thumb Code   144  stm32f0xx_tim.o(.text)
    TIM_OC3Init                              0x08001c9f   Thumb Code   190  stm32f0xx_tim.o(.text)
    TIM_OC4Init                              0x08001d5d   Thumb Code    88  stm32f0xx_tim.o(.text)
    TIM_OCStructInit                         0x08001db5   Thumb Code    20  stm32f0xx_tim.o(.text)
    TIM_SelectOCxM                           0x08001dc9   Thumb Code    82  stm32f0xx_tim.o(.text)
    TIM_SetCompare1                          0x08001e1b   Thumb Code     4  stm32f0xx_tim.o(.text)
    TIM_SetCompare2                          0x08001e1f   Thumb Code     4  stm32f0xx_tim.o(.text)
    TIM_SetCompare3                          0x08001e23   Thumb Code     4  stm32f0xx_tim.o(.text)
    TIM_SetCompare4                          0x08001e27   Thumb Code     4  stm32f0xx_tim.o(.text)
    TIM_ForcedOC1Config                      0x08001e2b   Thumb Code    20  stm32f0xx_tim.o(.text)
    TIM_ForcedOC2Config                      0x08001e3f   Thumb Code    20  stm32f0xx_tim.o(.text)
    TIM_ForcedOC3Config                      0x08001e53   Thumb Code    20  stm32f0xx_tim.o(.text)
    TIM_ForcedOC4Config                      0x08001e67   Thumb Code    20  stm32f0xx_tim.o(.text)
    TIM_CCPreloadControl                     0x08001e7b   Thumb Code    26  stm32f0xx_tim.o(.text)
    TIM_OC1PreloadConfig                     0x08001e95   Thumb Code    22  stm32f0xx_tim.o(.text)
    TIM_OC2PreloadConfig                     0x08001eab   Thumb Code    20  stm32f0xx_tim.o(.text)
    TIM_OC3PreloadConfig                     0x08001ebf   Thumb Code    22  stm32f0xx_tim.o(.text)
    TIM_OC4PreloadConfig                     0x08001ed5   Thumb Code    20  stm32f0xx_tim.o(.text)
    TIM_OC1FastConfig                        0x08001ee9   Thumb Code    22  stm32f0xx_tim.o(.text)
    TIM_OC2FastConfig                        0x08001eff   Thumb Code    20  stm32f0xx_tim.o(.text)
    TIM_OC3FastConfig                        0x08001f13   Thumb Code    22  stm32f0xx_tim.o(.text)
    TIM_OC4FastConfig                        0x08001f29   Thumb Code    20  stm32f0xx_tim.o(.text)
    TIM_ClearOC1Ref                          0x08001f3d   Thumb Code    22  stm32f0xx_tim.o(.text)
    TIM_ClearOC2Ref                          0x08001f53   Thumb Code    20  stm32f0xx_tim.o(.text)
    TIM_ClearOC3Ref                          0x08001f67   Thumb Code    22  stm32f0xx_tim.o(.text)
    TIM_ClearOC4Ref                          0x08001f7d   Thumb Code    20  stm32f0xx_tim.o(.text)
    TIM_OC1PolarityConfig                    0x08001f91   Thumb Code    22  stm32f0xx_tim.o(.text)
    TIM_OC1NPolarityConfig                   0x08001fa7   Thumb Code    22  stm32f0xx_tim.o(.text)
    TIM_OC2PolarityConfig                    0x08001fbd   Thumb Code    22  stm32f0xx_tim.o(.text)
    TIM_OC2NPolarityConfig                   0x08001fd3   Thumb Code    22  stm32f0xx_tim.o(.text)
    TIM_OC3PolarityConfig                    0x08001fe9   Thumb Code    20  stm32f0xx_tim.o(.text)
    TIM_OC3NPolarityConfig                   0x08001ffd   Thumb Code    20  stm32f0xx_tim.o(.text)
    TIM_OC4PolarityConfig                    0x08002011   Thumb Code    20  stm32f0xx_tim.o(.text)
    TIM_SelectOCREFClear                     0x08002025   Thumb Code    18  stm32f0xx_tim.o(.text)
    TIM_CCxCmd                               0x08002037   Thumb Code    30  stm32f0xx_tim.o(.text)
    TIM_CCxNCmd                              0x08002055   Thumb Code    30  stm32f0xx_tim.o(.text)
    TIM_SelectCOM                            0x08002073   Thumb Code    26  stm32f0xx_tim.o(.text)
    TIM_SetIC4Prescaler                      0x0800208d   Thumb Code    20  stm32f0xx_tim.o(.text)
    TIM_SetIC3Prescaler                      0x080020e3   Thumb Code    18  stm32f0xx_tim.o(.text)
    TIM_SetIC2Prescaler                      0x08002137   Thumb Code    78  stm32f0xx_tim.o(.text)
    TIM_SetIC1Prescaler                      0x080021c7   Thumb Code    18  stm32f0xx_tim.o(.text)
    TIM_ICInit                               0x0800220f   Thumb Code   112  stm32f0xx_tim.o(.text)
    TIM_ICStructInit                         0x0800227f   Thumb Code    18  stm32f0xx_tim.o(.text)
    TIM_PWMIConfig                           0x08002291   Thumb Code   124  stm32f0xx_tim.o(.text)
    TIM_GetCapture1                          0x0800230d   Thumb Code     6  stm32f0xx_tim.o(.text)
    TIM_GetCapture2                          0x08002313   Thumb Code     6  stm32f0xx_tim.o(.text)
    TIM_GetCapture3                          0x08002319   Thumb Code     6  stm32f0xx_tim.o(.text)
    TIM_GetCapture4                          0x0800231f   Thumb Code     6  stm32f0xx_tim.o(.text)
    TIM_ITConfig                             0x08002325   Thumb Code    20  stm32f0xx_tim.o(.text)
    TIM_GenerateEvent                        0x08002339   Thumb Code     4  stm32f0xx_tim.o(.text)
    TIM_GetFlagStatus                        0x0800233d   Thumb Code    18  stm32f0xx_tim.o(.text)
    TIM_ClearFlag                            0x0800234f   Thumb Code     6  stm32f0xx_tim.o(.text)
    TIM_GetITStatus                          0x08002355   Thumb Code    38  stm32f0xx_tim.o(.text)
    TIM_ClearITPendingBit                    0x0800237b   Thumb Code     6  stm32f0xx_tim.o(.text)
    TIM_DMAConfig                            0x08002381   Thumb Code    12  stm32f0xx_tim.o(.text)
    TIM_DMACmd                               0x0800238d   Thumb Code    20  stm32f0xx_tim.o(.text)
    TIM_SelectCCDMA                          0x080023a1   Thumb Code    26  stm32f0xx_tim.o(.text)
    TIM_InternalClockConfig                  0x080023bb   Thumb Code    12  stm32f0xx_tim.o(.text)
    TIM_SelectInputTrigger                   0x080023c7   Thumb Code    22  stm32f0xx_tim.o(.text)
    TIM_ITRxExternalClockConfig              0x080023dd   Thumb Code    24  stm32f0xx_tim.o(.text)
    TIM_TIxExternalClockConfig               0x080023f5   Thumb Code    58  stm32f0xx_tim.o(.text)
    TIM_ETRConfig                            0x0800242f   Thumb Code    24  stm32f0xx_tim.o(.text)
    TIM_ETRClockMode1Config                  0x08002447   Thumb Code    48  stm32f0xx_tim.o(.text)
    TIM_ETRClockMode2Config                  0x08002477   Thumb Code    34  stm32f0xx_tim.o(.text)
    TIM_SelectOutputTrigger                  0x08002499   Thumb Code    18  stm32f0xx_tim.o(.text)
    TIM_SelectSlaveMode                      0x080024ab   Thumb Code    18  stm32f0xx_tim.o(.text)
    TIM_SelectMasterSlaveMode                0x080024bd   Thumb Code    18  stm32f0xx_tim.o(.text)
    TIM_EncoderInterfaceConfig               0x080024cf   Thumb Code    60  stm32f0xx_tim.o(.text)
    TIM_SelectHallSensor                     0x0800250b   Thumb Code    26  stm32f0xx_tim.o(.text)
    TIM_RemapConfig                          0x08002525   Thumb Code     6  stm32f0xx_tim.o(.text)
    EXTI_DeInit                              0x08002539   Thumb Code    20  stm32f0xx_exti.o(.text)
    EXTI_Init                                0x0800254d   Thumb Code   132  stm32f0xx_exti.o(.text)
    EXTI_StructInit                          0x080025d1   Thumb Code    16  stm32f0xx_exti.o(.text)
    EXTI_GenerateSWInterrupt                 0x080025e1   Thumb Code    12  stm32f0xx_exti.o(.text)
    EXTI_GetFlagStatus                       0x080025ed   Thumb Code    20  stm32f0xx_exti.o(.text)
    EXTI_ClearFlag                           0x08002601   Thumb Code     6  stm32f0xx_exti.o(.text)
    EXTI_GetITStatus                         0x08002607   Thumb Code    20  stm32f0xx_exti.o(.text)
    EXTI_ClearITPendingBit                   0x0800261b   Thumb Code     6  stm32f0xx_exti.o(.text)
    NMI_Handler                              0x0800262d   Thumb Code     2  stm32f0xx_it.o(.text)
    HardFault_Handler                        0x0800262f   Thumb Code     4  stm32f0xx_it.o(.text)
    SVC_Handler                              0x08002633   Thumb Code     2  stm32f0xx_it.o(.text)
    PendSV_Handler                           0x08002635   Thumb Code     2  stm32f0xx_it.o(.text)
    SysTick_Handler                          0x08002637   Thumb Code     2  stm32f0xx_it.o(.text)
    EXTI0_1_IRQHandler                       0x08002639   Thumb Code    20  stm32f0xx_it.o(.text)
    EXTI4_15_IRQHandler                      0x0800264d   Thumb Code   120  stm32f0xx_it.o(.text)
    NVIC_Init                                0x080026d5   Thumb Code   106  stm32f0xx_misc.o(.text)
    NVIC_SystemLPConfig                      0x0800273f   Thumb Code    28  stm32f0xx_misc.o(.text)
    SysTick_CLKSourceConfig                  0x0800275b   Thumb Code    32  stm32f0xx_misc.o(.text)
    ADC_DeInit                               0x08002789   Thumb Code    28  stm32f0xx_adc.o(.text)
    ADC_Init                                 0x080027a5   Thumb Code    40  stm32f0xx_adc.o(.text)
    ADC_StructInit                           0x080027cd   Thumb Code    16  stm32f0xx_adc.o(.text)
    ADC_Cmd                                  0x080027dd   Thumb Code    24  stm32f0xx_adc.o(.text)
    ADC_ClockModeConfig                      0x080027f5   Thumb Code     4  stm32f0xx_adc.o(.text)
    ADC_JitterCmd                            0x080027f9   Thumb Code    20  stm32f0xx_adc.o(.text)
    ADC_AutoPowerOffCmd                      0x0800280d   Thumb Code    28  stm32f0xx_adc.o(.text)
    ADC_WaitModeCmd                          0x08002829   Thumb Code    28  stm32f0xx_adc.o(.text)
    ADC_AnalogWatchdogCmd                    0x08002845   Thumb Code    28  stm32f0xx_adc.o(.text)
    ADC_AnalogWatchdogThresholdsConfig       0x08002861   Thumb Code     8  stm32f0xx_adc.o(.text)
    ADC_AnalogWatchdogSingleChannelConfig    0x08002869   Thumb Code    28  stm32f0xx_adc.o(.text)
    ADC_AnalogWatchdogSingleChannelCmd       0x08002885   Thumb Code    28  stm32f0xx_adc.o(.text)
    ADC_TempSensorCmd                        0x080028a1   Thumb Code    36  stm32f0xx_adc.o(.text)
    ADC_VrefintCmd                           0x080028c5   Thumb Code    36  stm32f0xx_adc.o(.text)
    ADC_VbatCmd                              0x080028e9   Thumb Code    36  stm32f0xx_adc.o(.text)
    ADC_ChannelConfig                        0x0800290d   Thumb Code    24  stm32f0xx_adc.o(.text)
    ADC_ContinuousModeCmd                    0x08002925   Thumb Code    28  stm32f0xx_adc.o(.text)
    ADC_DiscModeCmd                          0x08002941   Thumb Code    28  stm32f0xx_adc.o(.text)
    ADC_OverrunModeCmd                       0x0800295d   Thumb Code    28  stm32f0xx_adc.o(.text)
    ADC_GetCalibrationFactor                 0x08002979   Thumb Code    58  stm32f0xx_adc.o(.text)
    ADC_StopOfConversion                     0x080029b3   Thumb Code    10  stm32f0xx_adc.o(.text)
    ADC_StartOfConversion                    0x080029bd   Thumb Code    10  stm32f0xx_adc.o(.text)
    ADC_GetConversionValue                   0x080029c7   Thumb Code     8  stm32f0xx_adc.o(.text)
    ADC_DMACmd                               0x080029cf   Thumb Code    24  stm32f0xx_adc.o(.text)
    ADC_DMARequestModeConfig                 0x080029e7   Thumb Code    16  stm32f0xx_adc.o(.text)
    ADC_ITConfig                             0x080029f7   Thumb Code    20  stm32f0xx_adc.o(.text)
    ADC_GetFlagStatus                        0x08002a0b   Thumb Code    44  stm32f0xx_adc.o(.text)
    ADC_ClearFlag                            0x08002a37   Thumb Code     4  stm32f0xx_adc.o(.text)
    ADC_GetITStatus                          0x08002a3b   Thumb Code    32  stm32f0xx_adc.o(.text)
    ADC_ClearITPendingBit                    0x08002a5b   Thumb Code     4  stm32f0xx_adc.o(.text)
    DMA_DeInit                               0x08002a6d   Thumb Code   342  stm32f0xx_dma.o(.text)
    DMA_Init                                 0x08002bc3   Thumb Code    58  stm32f0xx_dma.o(.text)
    DMA_StructInit                           0x08002bfd   Thumb Code    26  stm32f0xx_dma.o(.text)
    DMA_Cmd                                  0x08002c17   Thumb Code    24  stm32f0xx_dma.o(.text)
    DMA_RemapConfig                          0x08002c2f   Thumb Code    48  stm32f0xx_dma.o(.text)
    DMA_SetCurrDataCounter                   0x08002c5f   Thumb Code     4  stm32f0xx_dma.o(.text)
    DMA_GetCurrDataCounter                   0x08002c63   Thumb Code     8  stm32f0xx_dma.o(.text)
    DMA_ITConfig                             0x08002c6b   Thumb Code    20  stm32f0xx_dma.o(.text)
    DMA_GetFlagStatus                        0x08002c7f   Thumb Code    42  stm32f0xx_dma.o(.text)
    DMA_ClearFlag                            0x08002ca9   Thumb Code    24  stm32f0xx_dma.o(.text)
    DMA_GetITStatus                          0x08002cc1   Thumb Code    42  stm32f0xx_dma.o(.text)
    DMA_ClearITPendingBit                    0x08002ceb   Thumb Code    24  stm32f0xx_dma.o(.text)
    USART_DeInit                             0x08002d15   Thumb Code   206  stm32f0xx_usart.o(.text)
    USART_Init                               0x08002de3   Thumb Code   222  stm32f0xx_usart.o(.text)
    USART_StructInit                         0x08002ec1   Thumb Code    24  stm32f0xx_usart.o(.text)
    USART_ClockInit                          0x08002ed9   Thumb Code    36  stm32f0xx_usart.o(.text)
    USART_ClockStructInit                    0x08002efd   Thumb Code    12  stm32f0xx_usart.o(.text)
    USART_Cmd                                0x08002f09   Thumb Code    24  stm32f0xx_usart.o(.text)
    USART_DirectionModeCmd                   0x08002f21   Thumb Code    20  stm32f0xx_usart.o(.text)
    USART_OverSampling8Cmd                   0x08002f35   Thumb Code    28  stm32f0xx_usart.o(.text)
    USART_OneBitMethodCmd                    0x08002f51   Thumb Code    28  stm32f0xx_usart.o(.text)
    USART_MSBFirstCmd                        0x08002f6d   Thumb Code    28  stm32f0xx_usart.o(.text)
    USART_DataInvCmd                         0x08002f89   Thumb Code    28  stm32f0xx_usart.o(.text)
    USART_InvPinCmd                          0x08002fa5   Thumb Code    20  stm32f0xx_usart.o(.text)
    USART_SWAPPinCmd                         0x08002fb9   Thumb Code    28  stm32f0xx_usart.o(.text)
    USART_ReceiverTimeOutCmd                 0x08002fd5   Thumb Code    28  stm32f0xx_usart.o(.text)
    USART_SetReceiverTimeOut                 0x08002ff1   Thumb Code    16  stm32f0xx_usart.o(.text)
    USART_SetPrescaler                       0x08003001   Thumb Code    18  stm32f0xx_usart.o(.text)
    USART_STOPModeCmd                        0x08003013   Thumb Code    24  stm32f0xx_usart.o(.text)
    USART_StopModeWakeUpSourceConfig         0x0800302b   Thumb Code    18  stm32f0xx_usart.o(.text)
    USART_AutoBaudRateCmd                    0x0800303d   Thumb Code    28  stm32f0xx_usart.o(.text)
    USART_AutoBaudRateConfig                 0x08003059   Thumb Code    18  stm32f0xx_usart.o(.text)
    USART_SendData                           0x0800306b   Thumb Code     8  stm32f0xx_usart.o(.text)
    USART_ReceiveData                        0x08003073   Thumb Code    10  stm32f0xx_usart.o(.text)
    USART_SetAddress                         0x0800307d   Thumb Code    18  stm32f0xx_usart.o(.text)
    USART_MuteModeCmd                        0x0800308f   Thumb Code    28  stm32f0xx_usart.o(.text)
    USART_MuteModeWakeUpConfig               0x080030ab   Thumb Code    18  stm32f0xx_usart.o(.text)
    USART_AddressDetectionConfig             0x080030bd   Thumb Code    16  stm32f0xx_usart.o(.text)
    USART_LINBreakDetectLengthConfig         0x080030cd   Thumb Code    16  stm32f0xx_usart.o(.text)
    USART_LINCmd                             0x080030dd   Thumb Code    68  stm32f0xx_usart.o(.text)
    USART_HalfDuplexCmd                      0x08003121   Thumb Code    24  stm32f0xx_usart.o(.text)
    USART_SetGuardTime                       0x08003139   Thumb Code    16  stm32f0xx_usart.o(.text)
    USART_SmartCardCmd                       0x08003149   Thumb Code    24  stm32f0xx_usart.o(.text)
    USART_SmartCardNACKCmd                   0x08003161   Thumb Code    24  stm32f0xx_usart.o(.text)
    USART_SetAutoRetryCount                  0x08003179   Thumb Code    20  stm32f0xx_usart.o(.text)
    USART_SetBlockLength                     0x0800318d   Thumb Code    18  stm32f0xx_usart.o(.text)
    USART_IrDAConfig                         0x0800319f   Thumb Code    16  stm32f0xx_usart.o(.text)
    USART_IrDACmd                            0x080031af   Thumb Code    24  stm32f0xx_usart.o(.text)
    USART_DECmd                              0x080031c7   Thumb Code    28  stm32f0xx_usart.o(.text)
    USART_DEPolarityConfig                   0x080031e3   Thumb Code    18  stm32f0xx_usart.o(.text)
    USART_SetDEAssertionTime                 0x080031f5   Thumb Code    20  stm32f0xx_usart.o(.text)
    USART_SetDEDeassertionTime               0x08003209   Thumb Code    20  stm32f0xx_usart.o(.text)
    USART_DMACmd                             0x0800321d   Thumb Code    20  stm32f0xx_usart.o(.text)
    USART_DMAReceptionErrorConfig            0x08003231   Thumb Code    18  stm32f0xx_usart.o(.text)
    USART_ITConfig                           0x08003243   Thumb Code    66  stm32f0xx_usart.o(.text)
    USART_RequestCmd                         0x08003285   Thumb Code    20  stm32f0xx_usart.o(.text)
    USART_OverrunDetectionConfig             0x08003299   Thumb Code    18  stm32f0xx_usart.o(.text)
    USART_GetFlagStatus                      0x080032ab   Thumb Code    18  stm32f0xx_usart.o(.text)
    USART_ClearFlag                          0x080032bd   Thumb Code     4  stm32f0xx_usart.o(.text)
    USART_GetITStatus                        0x080032c1   Thumb Code    78  stm32f0xx_usart.o(.text)
    USART_ClearITPendingBit                  0x0800330f   Thumb Code    18  stm32f0xx_usart.o(.text)
    arm_cos_f32                              0x08003321   Thumb Code   178  arm_cos_f32.o(.text)
    arm_sin_f32                              0x080033dd   Thumb Code   168  arm_sin_f32.o(.text)
    __aeabi_uidiv                            0x0800348d   Thumb Code     0  aeabi_sdiv.o(.text)
    __aeabi_uidivmod                         0x0800348d   Thumb Code    20  aeabi_sdiv.o(.text)
    __aeabi_idiv                             0x080034a1   Thumb Code     0  aeabi_sdiv.o(.text)
    __aeabi_idivmod                          0x080034a1   Thumb Code   326  aeabi_sdiv.o(.text)
    __use_two_region_memory                  0x080035e7   Thumb Code     2  heapauxi.o(.text)
    __rt_heap_escrow$2region                 0x080035e9   Thumb Code     2  heapauxi.o(.text)
    __rt_heap_expand$2region                 0x080035eb   Thumb Code     2  heapauxi.o(.text)
    __aeabi_fdiv                             0x080035ed   Thumb Code     0  fdiv.o(.text)
    _fdiv                                    0x080035ed   Thumb Code   336  fdiv.o(.text)
    _frdiv                                   0x0800373d   Thumb Code     8  fdiv.o(.text)
    __aeabi_f2iz                             0x0800374d   Thumb Code     0  ffixi.o(.text)
    _ffix                                    0x0800374d   Thumb Code    76  ffixi.o(.text)
    __aeabi_f2uiz                            0x08003799   Thumb Code     0  ffixui.o(.text)
    _ffixu                                   0x08003799   Thumb Code    48  ffixui.o(.text)
    __aeabi_i2f_normalise                    0x080037c9   Thumb Code    72  fflti.o(.text)
    __aeabi_i2f                              0x08003811   Thumb Code    16  fflti.o(.text)
    _fflt                                    0x08003811   Thumb Code     0  fflti.o(.text)
    __aeabi_ui2f                             0x08003821   Thumb Code     6  fflti.o(.text)
    _ffltu                                   0x08003821   Thumb Code     0  fflti.o(.text)
    __fpl_fcmp_InfNaN                        0x08003829   Thumb Code    96  fcmpin.o(.text)
    __fpl_cmpreturn                          0x0800388d   Thumb Code    42  cmpret.o(.text)
    __fpl_fcheck_NaN2                        0x080038bd   Thumb Code    10  fnan2.o(.text)
    __user_setup_stackheap                   0x080038cd   Thumb Code    62  sys_stackheap_outer.o(.text)
    exit                                     0x0800390b   Thumb Code    12  exit.o(.text)
    __fpl_return_NaN                         0x08003917   Thumb Code    94  retnan.o(.text)
    __user_libspace                          0x08003975   Thumb Code     8  libspace.o(.text)
    __user_perproc_libspace                  0x08003975   Thumb Code     0  libspace.o(.text)
    __user_perthread_libspace                0x08003975   Thumb Code     0  libspace.o(.text)
    _sys_exit                                0x0800397d   Thumb Code     8  sys_exit.o(.text)
    __I$use$semihosting                      0x08003989   Thumb Code     0  use_no_semi.o(.text)
    __use_no_semihosting_swi                 0x08003989   Thumb Code     2  use_no_semi.o(.text)
    __ARM_common_switch8                     0x0800398b   Thumb Code    28  adc_control.o(i.__ARM_common_switch8)
    __semihosting_library_function           0x0800398b   Thumb Code     0  indicate_semi.o(.text)
    __aeabi_fadd                             0x080039a9   Thumb Code     0  faddsub.o(x$fpl$fadd)
    _fadd                                    0x080039a9   Thumb Code   134  faddsub.o(x$fpl$fadd)
    __aeabi_cfcmple                          0x08003a35   Thumb Code     0  flef.o(x$fpl$fleqf)
    _fcmple                                  0x08003a35   Thumb Code    78  flef.o(x$fpl$fleqf)
    __aeabi_fmul                             0x08003a89   Thumb Code     0  fmul.o(x$fpl$fmul)
    _fmul                                    0x08003a89   Thumb Code   172  fmul.o(x$fpl$fmul)
    __aeabi_cfrcmple                         0x08003b39   Thumb Code     0  frlef.o(x$fpl$frleqf)
    _frcmple                                 0x08003b39   Thumb Code    84  frlef.o(x$fpl$frleqf)
    __aeabi_frsub                            0x08003b91   Thumb Code     0  faddsub.o(x$fpl$frsb)
    _frsb                                    0x08003b91   Thumb Code    24  faddsub.o(x$fpl$frsb)
    __aeabi_fsub                             0x08003ba9   Thumb Code     0  faddsub.o(x$fpl$fsub)
    _fsub                                    0x08003ba9   Thumb Code   204  faddsub.o(x$fpl$fsub)
    __I$use$fp                               0x08003c78   Number         0  usenofp.o(x$fpl$usenofp)
    sinTable_f32                             0x08003c78   Data        2052  arm_sin_tables.o(.constdata)
    Region$$Table$$Base                      0x080044bc   Number         0  anon$$obj.o(Region$$Table)
    Region$$Table$$Limit                     0x080044dc   Number         0  anon$$obj.o(Region$$Table)
    SystemCoreClock                          0x20000000   Data           4  system_stm32f0xx.o(.data)
    AHBPrescTable                            0x20000004   Data          16  system_stm32f0xx.o(.data)
    Frequency_ext                            0x20000014   Data           4  main.o(.data)
    Frequency                                0x20000018   Data           4  main.o(.data)
    Current_phase_A                          0x2000001c   Data           4  main.o(.data)
    Current_phase_B                          0x20000020   Data           4  main.o(.data)
    Current_phase_C                          0x20000024   Data           4  main.o(.data)
    P5V_driver                               0x20000028   Data           1  main.o(.data)
    Rx_buff                                  0x20000029   Data           8  main.o(.data)
    Tx_buff                                  0x20000031   Data           8  main.o(.data)
    Duty                                     0x2000003a   Data           2  main.o(.data)
    Synchonous_check                         0x2000003c   Data           1  main.o(.data)
    Rotor_alpha                              0x20000040   Data           4  main.o(.data)
    Roto_beta                                0x20000044   Data           4  main.o(.data)
    angle                                    0x20000048   Data           4  main.o(.data)
    TIM1_Period                              0x2000004c   Data           4  main.o(.data)
    T_onA                                    0x20000050   Data           4  main.o(.data)
    Timer1_counter                           0x20000054   Data           4  main.o(.data)
    ADC_Data                                 0x2000006c   Data          16  main.o(.bss)
    __libspace_start                         0x2000007c   Data          96  libspace.o(.bss)
    __temporary_stack_top$libspace           0x200000dc   Data           0  libspace.o(.bss)



==============================================================================

Memory Map of the image

  Image Entry point : 0x0800035d

  Load Region LR_1 (Base: 0x08000000, Size: 0x00004548, Max: 0xffffffff, ABSOLUTE)

    Execution Region ER_RO (Base: 0x08000000, Size: 0x000044dc, Max: 0xffffffff, ABSOLUTE)

    Base Addr    Size         Type   Attr      Idx    E Section Name        Object

    0x08000000   0x000000c0   Data   RO          122    RESET               startup_stm32f0xx.o
    0x080000c0   0x00000008   Code   RO          661  * !!!main             c_p.l(__main.o)
    0x080000c8   0x0000003c   Code   RO          857    !!!scatter          c_p.l(__scatter.o)
    0x08000104   0x0000001a   Code   RO          859    !!handler_copy      c_p.l(__scatter_copy.o)
    0x0800011e   0x00000002   PAD
    0x08000120   0x0000001c   Code   RO          861    !!handler_zi        c_p.l(__scatter_zi.o)
    0x0800013c   0x00000002   Code   RO          727    .ARM.Collect$$libinit$$00000000  c_p.l(libinit.o)
    0x0800013e   0x00000004   Code   RO          742    .ARM.Collect$$libinit$$00000001  c_p.l(libinit2.o)
    0x08000142   0x00000000   Code   RO          746    .ARM.Collect$$libinit$$00000008  c_p.l(libinit2.o)
    0x08000142   0x00000000   Code   RO          748    .ARM.Collect$$libinit$$0000000A  c_p.l(libinit2.o)
    0x08000142   0x00000000   Code   RO          750    .ARM.Collect$$libinit$$0000000C  c_p.l(libinit2.o)
    0x08000142   0x00000000   Code   RO          753    .ARM.Collect$$libinit$$0000000F  c_p.l(libinit2.o)
    0x08000142   0x00000000   Code   RO          755    .ARM.Collect$$libinit$$00000011  c_p.l(libinit2.o)
    0x08000142   0x00000000   Code   RO          757    .ARM.Collect$$libinit$$00000013  c_p.l(libinit2.o)
    0x08000142   0x00000000   Code   RO          759    .ARM.Collect$$libinit$$00000015  c_p.l(libinit2.o)
    0x08000142   0x00000000   Code   RO          761    .ARM.Collect$$libinit$$00000017  c_p.l(libinit2.o)
    0x08000142   0x00000000   Code   RO          763    .ARM.Collect$$libinit$$00000019  c_p.l(libinit2.o)
    0x08000142   0x00000000   Code   RO          765    .ARM.Collect$$libinit$$0000001B  c_p.l(libinit2.o)
    0x08000142   0x00000000   Code   RO          767    .ARM.Collect$$libinit$$0000001D  c_p.l(libinit2.o)
    0x08000142   0x00000000   Code   RO          769    .ARM.Collect$$libinit$$0000001F  c_p.l(libinit2.o)
    0x08000142   0x00000000   Code   RO          771    .ARM.Collect$$libinit$$00000021  c_p.l(libinit2.o)
    0x08000142   0x00000000   Code   RO          773    .ARM.Collect$$libinit$$00000023  c_p.l(libinit2.o)
    0x08000142   0x00000000   Code   RO          777    .ARM.Collect$$libinit$$0000002A  c_p.l(libinit2.o)
    0x08000142   0x00000000   Code   RO          779    .ARM.Collect$$libinit$$0000002C  c_p.l(libinit2.o)
    0x08000142   0x00000000   Code   RO          781    .ARM.Collect$$libinit$$0000002E  c_p.l(libinit2.o)
    0x08000142   0x00000000   Code   RO          783    .ARM.Collect$$libinit$$00000030  c_p.l(libinit2.o)
    0x08000142   0x00000002   Code   RO          784    .ARM.Collect$$libinit$$00000031  c_p.l(libinit2.o)
    0x08000144   0x00000002   Code   RO          815    .ARM.Collect$$libshutdown$$00000000  c_p.l(libshutdown.o)
    0x08000146   0x00000000   Code   RO          842    .ARM.Collect$$libshutdown$$00000003  c_p.l(libshutdown2.o)
    0x08000146   0x00000000   Code   RO          845    .ARM.Collect$$libshutdown$$00000006  c_p.l(libshutdown2.o)
    0x08000146   0x00000000   Code   RO          848    .ARM.Collect$$libshutdown$$00000009  c_p.l(libshutdown2.o)
    0x08000146   0x00000000   Code   RO          850    .ARM.Collect$$libshutdown$$0000000B  c_p.l(libshutdown2.o)
    0x08000146   0x00000000   Code   RO          853    .ARM.Collect$$libshutdown$$0000000E  c_p.l(libshutdown2.o)
    0x08000146   0x00000002   Code   RO          854    .ARM.Collect$$libshutdown$$0000000F  c_p.l(libshutdown2.o)
    0x08000148   0x00000000   Code   RO          684    .ARM.Collect$$rtentry$$00000000  c_p.l(rtentry.o)
    0x08000148   0x00000000   Code   RO          693    .ARM.Collect$$rtentry$$00000002  c_p.l(rtentry2.o)
    0x08000148   0x00000006   Code   RO          705    .ARM.Collect$$rtentry$$00000004  c_p.l(rtentry4.o)
    0x0800014e   0x00000000   Code   RO          695    .ARM.Collect$$rtentry$$00000009  c_p.l(rtentry2.o)
    0x0800014e   0x00000004   Code   RO          696    .ARM.Collect$$rtentry$$0000000A  c_p.l(rtentry2.o)
    0x08000152   0x00000000   Code   RO          698    .ARM.Collect$$rtentry$$0000000C  c_p.l(rtentry2.o)
    0x08000152   0x00000008   Code   RO          699    .ARM.Collect$$rtentry$$0000000D  c_p.l(rtentry2.o)
    0x0800015a   0x00000002   Code   RO          734    .ARM.Collect$$rtexit$$00000000  c_p.l(rtexit.o)
    0x0800015c   0x00000000   Code   RO          788    .ARM.Collect$$rtexit$$00000002  c_p.l(rtexit2.o)
    0x0800015c   0x00000004   Code   RO          789    .ARM.Collect$$rtexit$$00000003  c_p.l(rtexit2.o)
    0x08000160   0x00000006   Code   RO          790    .ARM.Collect$$rtexit$$00000004  c_p.l(rtexit2.o)
    0x08000166   0x00000002   PAD
    0x08000168   0x000001f4   Code   RO            3    .text               system_stm32f0xx.o
    0x0800035c   0x00000074   Code   RO          123  * .text               startup_stm32f0xx.o
    0x080003d0   0x0000018c   Code   RO          129    .text               main.o
    0x0800055c   0x0000023c   Code   RO          209    .text               pwm_control.o
    0x08000798   0x00000154   Code   RO          258    .text               adc_control.o
    0x080008ec   0x00000130   Code   RO          280    .text               dma_control.o
    0x08000a1c   0x00000098   Code   RO          300    .text               i_o_control.o
    0x08000ab4   0x00000170   Code   RO          320    .text               communication.o
    0x08000c24   0x000003c8   Code   RO          340    .text               contronller.o
    0x08000fec   0x00000208   Code   RO          367    .text               stm32f0xx_gpio.o
    0x080011f4   0x00000744   Code   RO          387    .text               stm32f0xx_rcc.o
    0x08001938   0x00000c00   Code   RO          429    .text               stm32f0xx_tim.o
    0x08002538   0x000000f4   Code   RO          449    .text               stm32f0xx_exti.o
    0x0800262c   0x000000a8   Code   RO          469    .text               stm32f0xx_it.o
    0x080026d4   0x000000b4   Code   RO          511    .text               stm32f0xx_misc.o
    0x08002788   0x000002e4   Code   RO          531    .text               stm32f0xx_adc.o
    0x08002a6c   0x000002a8   Code   RO          551    .text               stm32f0xx_dma.o
    0x08002d14   0x0000060c   Code   RO          571    .text               stm32f0xx_usart.o
    0x08003320   0x000000bc   Code   RO          591    .text               arm_cos_f32.o
    0x080033dc   0x000000b0   Code   RO          615    .text               arm_sin_f32.o
    0x0800348c   0x0000015a   Code   RO          655    .text               c_p.l(aeabi_sdiv.o)
    0x080035e6   0x00000006   Code   RO          659    .text               c_p.l(heapauxi.o)
    0x080035ec   0x00000160   Code   RO          669    .text               fz_ps.l(fdiv.o)
    0x0800374c   0x0000004c   Code   RO          672    .text               fz_ps.l(ffixi.o)
    0x08003798   0x00000030   Code   RO          674    .text               fz_ps.l(ffixui.o)
    0x080037c8   0x0000005e   Code   RO          676    .text               fz_ps.l(fflti.o)
    0x08003826   0x00000002   PAD
    0x08003828   0x00000064   Code   RO          689    .text               fz_ps.l(fcmpin.o)
    0x0800388c   0x00000030   Code   RO          709    .text               fz_ps.l(cmpret.o)
    0x080038bc   0x00000010   Code   RO          711    .text               fz_ps.l(fnan2.o)
    0x080038cc   0x0000003e   Code   RO          713    .text               c_p.l(sys_stackheap_outer.o)
    0x0800390a   0x0000000c   Code   RO          716    .text               c_p.l(exit.o)
    0x08003916   0x0000005e   Code   RO          728    .text               fz_ps.l(retnan.o)
    0x08003974   0x00000008   Code   RO          730    .text               c_p.l(libspace.o)
    0x0800397c   0x0000000c   Code   RO          785    .text               c_p.l(sys_exit.o)
    0x08003988   0x00000002   Code   RO          804    .text               c_p.l(use_no_semi.o)
    0x0800398a   0x00000000   Code   RO          806    .text               c_p.l(indicate_semi.o)
    0x0800398a   0x0000001c   Code   RO          273    i.__ARM_common_switch8  adc_control.o
    0x080039a6   0x00000002   PAD
    0x080039a8   0x0000008c   Code   RO          663    x$fpl$fadd          fz_ps.l(faddsub.o)
    0x08003a34   0x00000054   Code   RO          678    x$fpl$fleqf         fz_ps.l(flef.o)
    0x08003a88   0x000000b0   Code   RO          680    x$fpl$fmul          fz_ps.l(fmul.o)
    0x08003b38   0x00000058   Code   RO          682    x$fpl$frleqf        fz_ps.l(frlef.o)
    0x08003b90   0x00000018   Code   RO          664    x$fpl$frsb          fz_ps.l(faddsub.o)
    0x08003ba8   0x000000d0   Code   RO          665    x$fpl$fsub          fz_ps.l(faddsub.o)
    0x08003c78   0x00000000   Code   RO          691    x$fpl$usenofp       fz_ps.l(usenofp.o)
    0x08003c78   0x00000804   Data   RO          635    .constdata          arm_sin_tables.o
    0x0800447c   0x00000040   Data   RO          670    .constdata          fz_ps.l(fdiv.o)
    0x080044bc   0x00000020   Data   RO          855    Region$$Table       anon$$obj.o


    Execution Region ER_RW (Base: 0x20000000, Size: 0x0000006c, Max: 0xffffffff, ABSOLUTE)

    Base Addr    Size         Type   Attr      Idx    E Section Name        Object

    0x20000000   0x00000014   Data   RW            4    .data               system_stm32f0xx.o
    0x20000014   0x00000044   Data   RW          131    .data               main.o
    0x20000058   0x00000010   Data   RW          388    .data               stm32f0xx_rcc.o
    0x20000068   0x00000004   Data   RW          470    .data               stm32f0xx_it.o


    Execution Region ER_ZI (Base: 0x2000006c, Size: 0x00000674, Max: 0xffffffff, ABSOLUTE)

    Base Addr    Size         Type   Attr      Idx    E Section Name        Object

    0x2000006c   0x00000010   Zero   RW          130    .bss                main.o
    0x2000007c   0x00000060   Zero   RW          731    .bss                c_p.l(libspace.o)
    0x200000dc   0x00000004   PAD
    0x200000e0   0x00000200   Zero   RW          121    HEAP                startup_stm32f0xx.o
    0x200002e0   0x00000400   Zero   RW          120    STACK               startup_stm32f0xx.o


==============================================================================

Image component sizes


      Code (inc. data)   RO Data    RW Data    ZI Data      Debug   Object Name

       368         18          0          0          0       1772   adc_control.o
       188         10          0          0          0        766   arm_cos_f32.o
       176          8          0          0          0        766   arm_sin_f32.o
         0          0       2052          0          0        659   arm_sin_tables.o
       368         14          0          0          0       1267   communication.o
       968         34          0          0          0       1872   contronller.o
       304          8          0          0          0       1250   dma_control.o
       152          8          0          0          0       1047   i_o_control.o
       396         56          0         68         16       4067   main.o
       572         40          0          0          0     170817   pwm_control.o
       116         56        192          0       1536        844   startup_stm32f0xx.o
       740         14          0          0          0       6923   stm32f0xx_adc.o
       680         18          0          0          0       4458   stm32f0xx_dma.o
       244         12          0          0          0       2107   stm32f0xx_exti.o
       520         26          0          0          0       3585   stm32f0xx_gpio.o
       168         16          0          4          0       1178   stm32f0xx_it.o
       180         14          0          0          0       1256   stm32f0xx_misc.o
      1860         50          0         16          0       8924   stm32f0xx_rcc.o
      3072        138          0          0          0      22189   stm32f0xx_tim.o
      1548         40          0          0          0      11818   stm32f0xx_usart.o
       500         34          0         20          0      79851   system_stm32f0xx.o

    ----------------------------------------------------------------------
     13122        614       2276        108       1552     327416   Object Totals
         0          0         32          0          0          0   (incl. Generated)
         2          0          0          0          0          0   (incl. Padding)

    ----------------------------------------------------------------------

      Code (inc. data)   RO Data    RW Data    ZI Data      Debug   Library Member Name

         8          0          0          0          0         68   __main.o
        60          8          0          0          0          0   __scatter.o
        26          0          0          0          0          0   __scatter_copy.o
        28          0          0          0          0          0   __scatter_zi.o
       346          0          0          0          0         92   aeabi_sdiv.o
        12          0          0          0          0         64   exit.o
         6          0          0          0          0        136   heapauxi.o
         0          0          0          0          0          0   indicate_semi.o
         2          0          0          0          0          0   libinit.o
         6          0          0          0          0          0   libinit2.o
         2          0          0          0          0          0   libshutdown.o
         2          0          0          0          0          0   libshutdown2.o
         8          4          0          0         96         68   libspace.o
         0          0          0          0          0          0   rtentry.o
        12          0          0          0          0          0   rtentry2.o
         6          0          0          0          0          0   rtentry4.o
         2          0          0          0          0          0   rtexit.o
        10          0          0          0          0          0   rtexit2.o
        12          4          0          0          0         60   sys_exit.o
        62          0          0          0          0         80   sys_stackheap_outer.o
         2          0          0          0          0         68   use_no_semi.o
        48          6          0          0          0         60   cmpret.o
       372          8          0          0          0        240   faddsub.o
       100          4          0          0          0         68   fcmpin.o
       352          8         64          0          0         88   fdiv.o
        76          0          0          0          0         68   ffixi.o
        48          0          0          0          0         60   ffixui.o
        94          0          0          0          0         92   fflti.o
        84          4          0          0          0         76   flef.o
       176          4          0          0          0         80   fmul.o
        16          6          0          0          0         68   fnan2.o
        88          4          0          0          0         76   frlef.o
        94          0          0          0          0         68   retnan.o
         0          0          0          0          0          0   usenofp.o

    ----------------------------------------------------------------------
      2166         60         64          0        100       1680   Library Totals
         6          0          0          0          4          0   (incl. Padding)

    ----------------------------------------------------------------------

      Code (inc. data)   RO Data    RW Data    ZI Data      Debug   Library Name

       612         16          0          0         96        636   c_p.l
      1548         44         64          0          0       1044   fz_ps.l

    ----------------------------------------------------------------------
      2166         60         64          0        100       1680   Library Totals

    ----------------------------------------------------------------------

==============================================================================


      Code (inc. data)   RO Data    RW Data    ZI Data      Debug   

     15288        674       2340        108       1652     326588   Grand Totals
     15288        674       2340        108       1652     326588   ELF Image Totals
     15288        674       2340        108          0          0   ROM Totals

==============================================================================

    Total RO  Size (Code + RO Data)                17628 (  17.21kB)
    Total RW  Size (RW Data + ZI Data)              1760 (   1.72kB)
    Total ROM Size (Code + RO Data + RW Data)      17736 (  17.32kB)

==============================================================================

