<html>
<body>
<pre>
<h1>µVision Build Log</h1>
<h2>Project:</h2>
D:\Motor\3 phase motor\3phase_inverter_foc\ThreePhaseInverter.uvproj
Project File Date:  07/13/2021

<h2>Output:</h2>
Rebuild target 'Target 1'
compiling system_stm32f0xx.c...
.\CMSIS_5-develop\CMSIS_5-develop\CMSIS\Core\Include\cmsis_armcc.h(888): warning:  #1-D: last line of file ends without a newline
  #endif /* __CMSIS_ARMCC_H */
..\3phase_inverter\stm32f0xx.h(5709): warning:  #1-D: last line of file ends without a newline
  //************************ (C) COPYRIGHT STMicroelectronics *****END OF FILE****// 
stm32f0xx.h(5709): warning:  #1-D: last line of file ends without a newline
  //************************ (C) COPYRIGHT STMicroelectronics *****END OF FILE****// 
system_stm32f0xx.c: 3 warnings, 0 errors
assembling startup_stm32f0xx.s...
compiling main.c...
.\CMSIS_5-develop\CMSIS_5-develop\CMSIS\Core\Include\cmsis_armcc.h(888): warning:  #1-D: last line of file ends without a newline
  #endif /* __CMSIS_ARMCC_H */
..\3phase_inverter\stm32f0xx.h(5709): warning:  #1-D: last line of file ends without a newline
  //************************ (C) COPYRIGHT STMicroelectronics *****END OF FILE****// 
stm32f0xx.h(5709): warning:  #1-D: last line of file ends without a newline
  //************************ (C) COPYRIGHT STMicroelectronics *****END OF FILE****// 
PWM_control.h(56): warning:  #1-D: last line of file ends without a newline
  #endif /*__PWM_H */
ADC_control.h(37): warning:  #1295-D: Deprecated declaration ADC_Common_config - give arg types
  void ADC_Common_config();
ADC_control.h(48): warning:  #1-D: last line of file ends without a newline
  #endif /*__ADC_CONTROL_H */
DMA_control.h(35): warning:  #1-D: last line of file ends without a newline
  #endif /*__DMA_CONTROL_H */
I_O_control.h(41): warning:  #1-D: last line of file ends without a newline
  #endif /*__I_O_CONTROL_H */
Communication.h(35): warning:  #1-D: last line of file ends without a newline
  #endif /*__Communication_H */
Contronller.h(28): warning:  #1-D: last line of file ends without a newline
  #endif /*__CONTRONLLER_H */
main.c(53): warning:  #188-D: enumerated type mixed with another type
                GPIO_WriteBit(GPIOB,GPIO_Pin_2,P5V_driver);
main.c(64): warning:  #167-D: argument of type "volatile uint32_t *" is incompatible with parameter of type "uint32_t *"
                Space_vector_Modulation(Rotor_alpha,Roto_beta,&TIM1->CCR1,&TIM1->CCR2,&TIM1->CCR3);
main.c(64): warning:  #167-D: argument of type "volatile uint32_t *" is incompatible with parameter of type "uint32_t *"
                Space_vector_Modulation(Rotor_alpha,Roto_beta,&TIM1->CCR1,&TIM1->CCR2,&TIM1->CCR3);
main.c(64): warning:  #167-D: argument of type "volatile uint32_t *" is incompatible with parameter of type "uint32_t *"
                Space_vector_Modulation(Rotor_alpha,Roto_beta,&TIM1->CCR1,&TIM1->CCR2,&TIM1->CCR3);
main.c(109): warning:  #177-D: variable "i" was declared but never referenced
                uint8_t i =0;
main.c(147): warning:  #1-D: last line of file ends without a newline
  }
main.c: 16 warnings, 0 errors
compiling PWM_control.c...
.\CMSIS_5-develop\CMSIS_5-develop\CMSIS\Core\Include\cmsis_armcc.h(888): warning:  #1-D: last line of file ends without a newline
  #endif /* __CMSIS_ARMCC_H */
..\3phase_inverter\stm32f0xx.h(5709): warning:  #1-D: last line of file ends without a newline
  //************************ (C) COPYRIGHT STMicroelectronics *****END OF FILE****// 
..\3phase_inverter\stm32f0xx.h(5709): warning:  #1-D: last line of file ends without a newline
  //************************ (C) COPYRIGHT STMicroelectronics *****END OF FILE****// 
stm32f0xx.h(5709): warning:  #1-D: last line of file ends without a newline
  //************************ (C) COPYRIGHT STMicroelectronics *****END OF FILE****// 
PWM_control.h(56): warning:  #1-D: last line of file ends without a newline
  #endif /*__PWM_H */
PWM_control.c(12): warning:  #177-D: variable "NVIC_Initial" was declared but never referenced
        NVIC_InitTypeDef NVIC_Initial;
PWM_control.c(13): warning:  #177-D: variable "TIM_BDTRInitStructure" was declared but never referenced
        TIM_BDTRInitTypeDef TIM_BDTRInitStructure;
PWM_control.c: 7 warnings, 0 errors
compiling ADC_control.c...
.\CMSIS_5-develop\CMSIS_5-develop\CMSIS\Core\Include\cmsis_armcc.h(888): warning:  #1-D: last line of file ends without a newline
  #endif /* __CMSIS_ARMCC_H */
..\3phase_inverter\stm32f0xx.h(5709): warning:  #1-D: last line of file ends without a newline
  //************************ (C) COPYRIGHT STMicroelectronics *****END OF FILE****// 
..\3phase_inverter\stm32f0xx.h(5709): warning:  #1-D: last line of file ends without a newline
  //************************ (C) COPYRIGHT STMicroelectronics *****END OF FILE****// 
stm32f0xx.h(5709): warning:  #1-D: last line of file ends without a newline
  //************************ (C) COPYRIGHT STMicroelectronics *****END OF FILE****// 
ADC_control.h(37): warning:  #1295-D: Deprecated declaration ADC_Common_config - give arg types
  void ADC_Common_config();
ADC_control.h(48): warning:  #1-D: last line of file ends without a newline
  #endif /*__ADC_CONTROL_H */
PWM_control.h(56): warning:  #1-D: last line of file ends without a newline
  #endif /*__PWM_H */
I_O_control.h(41): warning:  #1-D: last line of file ends without a newline
  #endif /*__I_O_CONTROL_H */
ADC_control.c: 8 warnings, 0 errors
compiling DMA_control.c...
.\CMSIS_5-develop\CMSIS_5-develop\CMSIS\Core\Include\cmsis_armcc.h(888): warning:  #1-D: last line of file ends without a newline
  #endif /* __CMSIS_ARMCC_H */
..\3phase_inverter\stm32f0xx.h(5709): warning:  #1-D: last line of file ends without a newline
  //************************ (C) COPYRIGHT STMicroelectronics *****END OF FILE****// 
..\3phase_inverter\stm32f0xx.h(5709): warning:  #1-D: last line of file ends without a newline
  //************************ (C) COPYRIGHT STMicroelectronics *****END OF FILE****// 
stm32f0xx.h(5709): warning:  #1-D: last line of file ends without a newline
  //************************ (C) COPYRIGHT STMicroelectronics *****END OF FILE****// 
DMA_control.h(35): warning:  #1-D: last line of file ends without a newline
  #endif /*__DMA_CONTROL_H */
DMA_control.c(95): warning:  #1-D: last line of file ends without a newline
  }
DMA_control.c: 6 warnings, 0 errors
compiling I_O_control.c...
.\CMSIS_5-develop\CMSIS_5-develop\CMSIS\Core\Include\cmsis_armcc.h(888): warning:  #1-D: last line of file ends without a newline
  #endif /* __CMSIS_ARMCC_H */
..\3phase_inverter\stm32f0xx.h(5709): warning:  #1-D: last line of file ends without a newline
  //************************ (C) COPYRIGHT STMicroelectronics *****END OF FILE****// 
..\3phase_inverter\stm32f0xx.h(5709): warning:  #1-D: last line of file ends without a newline
  //************************ (C) COPYRIGHT STMicroelectronics *****END OF FILE****// 
stm32f0xx.h(5709): warning:  #1-D: last line of file ends without a newline
  //************************ (C) COPYRIGHT STMicroelectronics *****END OF FILE****// 
I_O_control.h(41): warning:  #1-D: last line of file ends without a newline
  #endif /*__I_O_CONTROL_H */
I_O_control.c(14): warning:  #188-D: enumerated type mixed with another type
         GPIO_WriteBit(GPIOB,OVC_OUT_N,1);
I_O_control.c(17): warning:  #188-D: enumerated type mixed with another type
         GPIO_WriteBit(GPIOB,OVC_OUT_N,0);
I_O_control.c(20): warning:  #188-D: enumerated type mixed with another type
        GPIO_WriteBit(GPIOB,GPIO_Pin_9,1);
I_O_control.c(21): warning:  #188-D: enumerated type mixed with another type
        GPIO_WriteBit(GPIOB,GPIO_Pin_9,0);
I_O_control.c(25): warning:  #188-D: enumerated type mixed with another type
        GPIO_WriteBit(GPIOB,GPIO_Pin_8,1);
I_O_control.c(26): warning:  #188-D: enumerated type mixed with another type
        GPIO_WriteBit(GPIOB,GPIO_Pin_8,0);
I_O_control.c(29): warning:  #188-D: enumerated type mixed with another type
        GPIO_WriteBit(GPIOB,GPIO_Pin_10,1);
I_O_control.c(30): warning:  #188-D: enumerated type mixed with another type
        GPIO_WriteBit(GPIOB,GPIO_Pin_10,0);
I_O_control.c(31): warning:  #1-D: last line of file ends without a newline
  }
I_O_control.c: 14 warnings, 0 errors
compiling Communication.c...
.\CMSIS_5-develop\CMSIS_5-develop\CMSIS\Core\Include\cmsis_armcc.h(888): warning:  #1-D: last line of file ends without a newline
  #endif /* __CMSIS_ARMCC_H */
..\3phase_inverter\stm32f0xx.h(5709): warning:  #1-D: last line of file ends without a newline
  //************************ (C) COPYRIGHT STMicroelectronics *****END OF FILE****// 
..\3phase_inverter\stm32f0xx.h(5709): warning:  #1-D: last line of file ends without a newline
  //************************ (C) COPYRIGHT STMicroelectronics *****END OF FILE****// 
stm32f0xx.h(5709): warning:  #1-D: last line of file ends without a newline
  //************************ (C) COPYRIGHT STMicroelectronics *****END OF FILE****// 
Communication.h(35): warning:  #1-D: last line of file ends without a newline
  #endif /*__Communication_H */
Communication.c(81): warning:  #1-D: last line of file ends without a newline
  }
Communication.c: 6 warnings, 0 errors
compiling Contronller.c...
.\CMSIS_5-develop\CMSIS_5-develop\CMSIS\Core\Include\cmsis_armcc.h(888): warning:  #1-D: last line of file ends without a newline
  #endif /* __CMSIS_ARMCC_H */
Contronller.h(28): warning:  #1-D: last line of file ends without a newline
  #endif /*__CONTRONLLER_H */
Contronller.c: 2 warnings, 0 errors
compiling stm32f0xx_gpio.c...
.\CMSIS_5-develop\CMSIS_5-develop\CMSIS\Core\Include\cmsis_armcc.h(888): warning:  #1-D: last line of file ends without a newline
  #endif /* __CMSIS_ARMCC_H */
..\3phase_inverter\stm32f0xx.h(5709): warning:  #1-D: last line of file ends without a newline
  //************************ (C) COPYRIGHT STMicroelectronics *****END OF FILE****// 
..\3phase_inverter\stm32f0xx.h(5709): warning:  #1-D: last line of file ends without a newline
  //************************ (C) COPYRIGHT STMicroelectronics *****END OF FILE****// 
STM32F0xx_StdPeriph_Driver\src\stm32f0xx_gpio.c: 3 warnings, 0 errors
compiling stm32f0xx_rcc.c...
.\CMSIS_5-develop\CMSIS_5-develop\CMSIS\Core\Include\cmsis_armcc.h(888): warning:  #1-D: last line of file ends without a newline
  #endif /* __CMSIS_ARMCC_H */
..\3phase_inverter\stm32f0xx.h(5709): warning:  #1-D: last line of file ends without a newline
  //************************ (C) COPYRIGHT STMicroelectronics *****END OF FILE****// 
..\3phase_inverter\stm32f0xx.h(5709): warning:  #1-D: last line of file ends without a newline
  //************************ (C) COPYRIGHT STMicroelectronics *****END OF FILE****// 
STM32F0xx_StdPeriph_Driver\src\stm32f0xx_rcc.c: 3 warnings, 0 errors
compiling stm32f0xx_i2c.c...
.\CMSIS_5-develop\CMSIS_5-develop\CMSIS\Core\Include\cmsis_armcc.h(888): warning:  #1-D: last line of file ends without a newline
  #endif /* __CMSIS_ARMCC_H */
..\3phase_inverter\stm32f0xx.h(5709): warning:  #1-D: last line of file ends without a newline
  //************************ (C) COPYRIGHT STMicroelectronics *****END OF FILE****// 
..\3phase_inverter\stm32f0xx.h(5709): warning:  #1-D: last line of file ends without a newline
  //************************ (C) COPYRIGHT STMicroelectronics *****END OF FILE****// 
STM32F0xx_StdPeriph_Driver\src\stm32f0xx_i2c.c: 3 warnings, 0 errors
compiling stm32f0xx_tim.c...
.\CMSIS_5-develop\CMSIS_5-develop\CMSIS\Core\Include\cmsis_armcc.h(888): warning:  #1-D: last line of file ends without a newline
  #endif /* __CMSIS_ARMCC_H */
..\3phase_inverter\stm32f0xx.h(5709): warning:  #1-D: last line of file ends without a newline
  //************************ (C) COPYRIGHT STMicroelectronics *****END OF FILE****// 
..\3phase_inverter\stm32f0xx.h(5709): warning:  #1-D: last line of file ends without a newline
  //************************ (C) COPYRIGHT STMicroelectronics *****END OF FILE****// 
STM32F0xx_StdPeriph_Driver\src\stm32f0xx_tim.c: 3 warnings, 0 errors
compiling stm32f0xx_exti.c...
.\CMSIS_5-develop\CMSIS_5-develop\CMSIS\Core\Include\cmsis_armcc.h(888): warning:  #1-D: last line of file ends without a newline
  #endif /* __CMSIS_ARMCC_H */
..\3phase_inverter\stm32f0xx.h(5709): warning:  #1-D: last line of file ends without a newline
  //************************ (C) COPYRIGHT STMicroelectronics *****END OF FILE****// 
..\3phase_inverter\stm32f0xx.h(5709): warning:  #1-D: last line of file ends without a newline
  //************************ (C) COPYRIGHT STMicroelectronics *****END OF FILE****// 
STM32F0xx_StdPeriph_Driver\src\stm32f0xx_exti.c: 3 warnings, 0 errors
compiling stm32f0xx_it.c...
.\CMSIS_5-develop\CMSIS_5-develop\CMSIS\Core\Include\cmsis_armcc.h(888): warning:  #1-D: last line of file ends without a newline
  #endif /* __CMSIS_ARMCC_H */
..\3phase_inverter\stm32f0xx.h(5709): warning:  #1-D: last line of file ends without a newline
  //************************ (C) COPYRIGHT STMicroelectronics *****END OF FILE****// 
stm32f0xx.h(5709): warning:  #1-D: last line of file ends without a newline
  //************************ (C) COPYRIGHT STMicroelectronics *****END OF FILE****// 
stm32f0xx_it.c: 3 warnings, 0 errors
compiling stm32f0xx_syscfg.c...
.\CMSIS_5-develop\CMSIS_5-develop\CMSIS\Core\Include\cmsis_armcc.h(888): warning:  #1-D: last line of file ends without a newline
  #endif /* __CMSIS_ARMCC_H */
..\3phase_inverter\stm32f0xx.h(5709): warning:  #1-D: last line of file ends without a newline
  //************************ (C) COPYRIGHT STMicroelectronics *****END OF FILE****// 
..\3phase_inverter\stm32f0xx.h(5709): warning:  #1-D: last line of file ends without a newline
  //************************ (C) COPYRIGHT STMicroelectronics *****END OF FILE****// 
STM32F0xx_StdPeriph_Driver\src\stm32f0xx_syscfg.c: 3 warnings, 0 errors
compiling stm32f0xx_misc.c...
.\CMSIS_5-develop\CMSIS_5-develop\CMSIS\Core\Include\cmsis_armcc.h(888): warning:  #1-D: last line of file ends without a newline
  #endif /* __CMSIS_ARMCC_H */
..\3phase_inverter\stm32f0xx.h(5709): warning:  #1-D: last line of file ends without a newline
  //************************ (C) COPYRIGHT STMicroelectronics *****END OF FILE****// 
..\3phase_inverter\stm32f0xx.h(5709): warning:  #1-D: last line of file ends without a newline
  //************************ (C) COPYRIGHT STMicroelectronics *****END OF FILE****// 
STM32F0xx_StdPeriph_Driver\src\stm32f0xx_misc.c: 3 warnings, 0 errors
compiling stm32f0xx_adc.c...
.\CMSIS_5-develop\CMSIS_5-develop\CMSIS\Core\Include\cmsis_armcc.h(888): warning:  #1-D: last line of file ends without a newline
  #endif /* __CMSIS_ARMCC_H */
..\3phase_inverter\stm32f0xx.h(5709): warning:  #1-D: last line of file ends without a newline
  //************************ (C) COPYRIGHT STMicroelectronics *****END OF FILE****// 
..\3phase_inverter\stm32f0xx.h(5709): warning:  #1-D: last line of file ends without a newline
  //************************ (C) COPYRIGHT STMicroelectronics *****END OF FILE****// 
STM32F0xx_StdPeriph_Driver\src\stm32f0xx_adc.c: 3 warnings, 0 errors
compiling stm32f0xx_dma.c...
.\CMSIS_5-develop\CMSIS_5-develop\CMSIS\Core\Include\cmsis_armcc.h(888): warning:  #1-D: last line of file ends without a newline
  #endif /* __CMSIS_ARMCC_H */
..\3phase_inverter\stm32f0xx.h(5709): warning:  #1-D: last line of file ends without a newline
  //************************ (C) COPYRIGHT STMicroelectronics *****END OF FILE****// 
..\3phase_inverter\stm32f0xx.h(5709): warning:  #1-D: last line of file ends without a newline
  //************************ (C) COPYRIGHT STMicroelectronics *****END OF FILE****// 
STM32F0xx_StdPeriph_Driver\src\stm32f0xx_dma.c: 3 warnings, 0 errors
compiling stm32f0xx_usart.c...
.\CMSIS_5-develop\CMSIS_5-develop\CMSIS\Core\Include\cmsis_armcc.h(888): warning:  #1-D: last line of file ends without a newline
  #endif /* __CMSIS_ARMCC_H */
..\3phase_inverter\stm32f0xx.h(5709): warning:  #1-D: last line of file ends without a newline
  //************************ (C) COPYRIGHT STMicroelectronics *****END OF FILE****// 
..\3phase_inverter\stm32f0xx.h(5709): warning:  #1-D: last line of file ends without a newline
  //************************ (C) COPYRIGHT STMicroelectronics *****END OF FILE****// 
STM32F0xx_StdPeriph_Driver\src\stm32f0xx_usart.c: 3 warnings, 0 errors
compiling arm_cos_f32.c...
.\CMSIS_5-develop\CMSIS_5-develop\CMSIS\Core\Include\cmsis_armcc.h(888): warning:  #1-D: last line of file ends without a newline
  #endif /* __CMSIS_ARMCC_H */
CMSIS_5-develop\CMSIS_5-develop\CMSIS\DSP\Source\FastMathFunctions\arm_cos_f32.c: 1 warning, 0 errors
compiling arm_sin_f32.c...
.\CMSIS_5-develop\CMSIS_5-develop\CMSIS\Core\Include\cmsis_armcc.h(888): warning:  #1-D: last line of file ends without a newline
  #endif /* __CMSIS_ARMCC_H */
CMSIS_5-develop\CMSIS_5-develop\CMSIS\DSP\Source\FastMathFunctions\arm_sin_f32.c: 1 warning, 0 errors
compiling arm_sin_tables.c...
.\CMSIS_5-develop\CMSIS_5-develop\CMSIS\Core\Include\cmsis_armcc.h(888): warning:  #1-D: last line of file ends without a newline
  #endif /* __CMSIS_ARMCC_H */
CMSIS_5-develop\CMSIS_5-develop\CMSIS\DSP\Source\CommonTables\arm_sin_tables.c(141): warning:  #1-D: last line of file ends without a newline
  #endif /* defined(ARM_ALL_FAST_TABLES) */
CMSIS_5-develop\CMSIS_5-develop\CMSIS\DSP\Source\CommonTables\arm_sin_tables.c: 2 warnings, 0 errors
linking...
Program Size: Code=15288 RO-data=2340 RW-data=108 ZI-data=1652  
".\ThreePhaseInverter.axf" - 0 Error(s), 99 Warning(s).
Load "D:\\Motor\\3 phase motor\\3phase_inverter_foc\\ThreePhaseInverter.axf" 
Erase Done.
Programming Done.
Verify OK.
has been cancelled
Load "D:\\Motor\\3 phase motor\\3phase_inverter_foc\\ThreePhaseInverter.axf" 
Erase Done.
Programming Done.
Verify OK.
OPYRIGHT STMicroelectronics *****END OF FILE****// 
STM32F0xx_StdPeriph_Driver\src\stm32f0xx_dma.c: 3 warnings, 0 errors
compiling stm32f0xx_usart.c...
.\CMSIS_5-develop\CMSIS_5-develop\CMSIS\Core\Include\cmsis_armcc.h(888): warning:  #1-D: last line of file ends without a newline
  #endif /* __CMSIS_ARMCC_H */
..\3phase_inverter\stm32f0xx.h(5709): warning:  #1-D: last line of file ends without a newline
  //************************ (C) COPYRIGHT STMicroelectronics *****END OF FILE****// 
..\3phase_inverter\stm32f0xx.h(5709): warning:  #1-D: last line of file ends without a newline
  //************************ (C) COPYRIGHT STMicroelectronics *****END OF FILE****// 
STM32F0xx_StdPeriph_Driver\src\stm32f0xx_usart.c: 3 warnings, 0 errors
compiling arm_cos_f32.c...
.\CMSIS_5-develop\CMSIS_5-develop\CMSIS\Core\Include\cmsis_armcc.h(888): warning:  #1-D: last line of file ends without a newline
  #endif /* __CMSIS_ARMCC_H */
CMSIS_5-develop\CMSIS_5-develop\CMSIS\DSP\Source\FastMathFunctions\arm_cos_f32.c: 1 warning, 0 errors
compiling arm_sin_f32.c...
.\CMSIS_5-develop\CMSIS_5-develop\CMSIS\Core\Include\cmsis_armcc.h(888): warning:  #1-D: last line of file ends without a newline
  #endif /* __CMSIS_ARMCC_H */
CMSIS_5-develop\CMSIS_5-develop\CMSIS\DSP\Source\FastMathFunctions\arm_sin_f32.c: 1 warning, 0 errors
compiling arm_sin_tables.c...
.\CMSIS_5-develop\CMSIS_5-develop\CMSIS\Core\Include\cmsis_armcc.h(888): warning:  #1-D: last line of file ends without a newline
  #endif /* __CMSIS_ARMCC_H */
CMSIS_5-develop\CMSIS_5-develop\CMSIS\DSP\Source\CommonTables\arm_sin_tables.c(141): warning:  #1-D: last line of file ends without a newline
  #endif /* defined(ARM_ALL_FAST_TABLES) */
CMSIS_5-develop\CMSIS_5-develop\CMSIS\DSP\Source\CommonTables\arm_sin_tables.c: 2 warnings, 0 errors
linking...
.\ThreePhaseInverter.axf: Error: L6218E: Undefined symbol TIM3_action_at_BEMF_zero_crossing (referred from adc_control.o).
Not enough information to list image symbols.
Finished: 1 information, 0 warning and 1 error messages.
".\ThreePhaseInverter.axf" - 1 Error(s), 110 Warning(s).
Target not created
to list the image map.
Finished: 2 information, 0 warning and 2 error messages.
".\ThreePhaseInverter.axf" - 2 Error(s), 110 Warning(s).
Target not created
